Component: ARM Compiler 5.06 update 3 (build 300) Tool: armlink [4d35c9]

==============================================================================

Section Cross References

    main.o(i.main) refers to rt_cmsis.o(i.osKernelInitialize) for osKernelInitialize
    main.o(i.main) refers to stm32f4xx_hal.o(i.HAL_Init) for HAL_Init
    main.o(i.main) refers to sysclk_config.o(i.SystemClock_Config) for SystemClock_Config
    main.o(i.main) refers to led.o(i.led_configure) for led_configure
    main.o(i.main) refers to accelerometer.o(i.accelerometer_config) for accelerometer_config
    main.o(i.main) refers to keypad.o(i.keypad_configure) for keypad_configure
    main.o(i.main) refers to cc2500.o(i.CC2500_configure) for CC2500_configure
    main.o(i.main) refers to led_thread.o(i.start_LED_thread) for start_LED_thread
    main.o(i.main) refers to accel_thread.o(i.start_Accel_thread) for start_Accel_thread
    main.o(i.main) refers to mouse_control_thread.o(i.start_mouse_control_thread) for start_mouse_control_thread
    main.o(i.main) refers to mouse_thread.o(i.start_mouse_thread) for start_mouse_thread
    main.o(i.main) refers to timer.o(i.timer_configure) for timer_configure
    main.o(i.main) refers to rt_cmsis.o(i.osKernelStart) for osKernelStart
    main.o(i.main) refers to rt_cmsis.o(i.osDelay) for osDelay
    supporting_functions.o(i.Error_Handler) refers to printfb.o(i.__0printf$bare) for __2printf
    stm32f4xx_it.o(i.EXTI0_IRQHandler) refers to stm32f4xx_hal_gpio.o(i.HAL_GPIO_EXTI_IRQHandler) for HAL_GPIO_EXTI_IRQHandler
    stm32f4xx_it.o(i.TIM3_IRQHandler) refers to stm32f4xx_hal_tim.o(i.HAL_TIM_IRQHandler) for HAL_TIM_IRQHandler
    stm32f4xx_it.o(i.TIM3_IRQHandler) refers to timer.o(.bss) for TIM3_handle
    sysclk_config.o(i.SystemClock_Config) refers to stm32f4xx_hal_rcc.o(i.HAL_RCC_OscConfig) for HAL_RCC_OscConfig
    sysclk_config.o(i.SystemClock_Config) refers to supporting_functions.o(i.Error_Handler) for Error_Handler
    sysclk_config.o(i.SystemClock_Config) refers to stm32f4xx_hal_rcc.o(i.HAL_RCC_ClockConfig) for HAL_RCC_ClockConfig
    led_thread.o(i.LED_thread) refers to rt_cmsis.o(i.osSignalWait) for osSignalWait
    led_thread.o(i.LED_thread) refers to led_thread.o(i.alert_led_toggle) for alert_led_toggle
    led_thread.o(i.LED_thread_signal) refers to rt_cmsis.o(i.osSignalSet) for osSignalSet
    led_thread.o(i.LED_thread_signal) refers to led_thread.o(.data) for LED_thread_ID
    led_thread.o(i.LED_tim_elapsed_handler) refers to led_thread.o(i.LED_thread_signal) for LED_thread_signal
    led_thread.o(i.alert_led_toggle) refers to led.o(i.led_toggle_led_off) for led_toggle_led_off
    led_thread.o(i.alert_led_toggle) refers to led.o(i.led_toggle_led_on) for led_toggle_led_on
    led_thread.o(i.alert_led_toggle) refers to led_thread.o(.data) for led_state
    led_thread.o(i.start_LED_thread) refers to rt_cmsis.o(i.osThreadCreate) for osThreadCreate
    led_thread.o(i.start_LED_thread) refers to led_thread.o(.constdata) for os_thread_def_LED_thread
    led_thread.o(i.start_LED_thread) refers to led_thread.o(.data) for LED_thread_ID
    led_thread.o(.constdata) refers to led_thread.o(i.LED_thread) for LED_thread
    mouse_thread.o(i.mouse_thread) refers to rt_cmsis.o(i.osSignalWait) for osSignalWait
    mouse_thread.o(i.mouse_thread) refers to mouse_thread.o(i.update_mouse_state) for update_mouse_state
    mouse_thread.o(i.mouse_thread) refers to mouse_thread.o(.data) for transmision_message
    mouse_thread.o(i.mouse_tim_elapsed_handler) refers to rt_cmsis.o(i.osSignalSet) for osSignalSet
    mouse_thread.o(i.mouse_tim_elapsed_handler) refers to mouse_thread.o(.data) for mouse_thread_ID
    mouse_thread.o(i.receiver_waitForSignal) refers to cc2500.o(i.CC2500_ReceivePacket) for CC2500_ReceivePacket
    mouse_thread.o(i.receiver_waitForSignal) refers to rt_cmsis.o(i.osDelay) for osDelay
    mouse_thread.o(i.receiver_waitForSignal) refers to mouse_thread.o(.data) for transmision_message
    mouse_thread.o(i.sendMouseControlsOverUSB) refers to led_thread.o(i.LED_thread_signal) for LED_thread_signal
    mouse_thread.o(i.sendMouseControlsOverUSB) refers to usbd_lib_hid.o(i.USBD_HID_GetReportTrigger) for USBD_HID_GetReportTrigger
    mouse_thread.o(i.sendMouseControlsOverUSB) refers to mouse_thread.o(.data) for transmision_message
    mouse_thread.o(i.start_mouse_thread) refers to rt_cmsis.o(i.osThreadCreate) for osThreadCreate
    mouse_thread.o(i.start_mouse_thread) refers to mouse_thread.o(.constdata) for os_thread_def_mouse_thread
    mouse_thread.o(i.start_mouse_thread) refers to mouse_thread.o(.data) for mouse_thread_ID
    mouse_thread.o(i.update_mouse_state) refers to cc2500.o(i.CC2500_SendPacket) for CC2500_SendPacket
    mouse_thread.o(i.update_mouse_state) refers to led_thread.o(i.LED_thread_signal) for LED_thread_signal
    mouse_thread.o(i.update_mouse_state) refers to mouse_thread.o(.data) for transmission_num
[...]
    i.rt_chk_robin                           0x0800486c   Section        0  rt_robin.o(i.rt_chk_robin)
    i.rt_dec_dly                             0x080048b4   Section        0  rt_list.o(i.rt_dec_dly)
    i.rt_dispatch                            0x08004924   Section        0  rt_task.o(i.rt_dispatch)
    i.rt_dly_wait                            0x08004968   Section        0  rt_time.o(i.rt_dly_wait)
    i.rt_evt_psh                             0x08004970   Section        0  rt_event.o(i.rt_evt_psh)
    i.rt_evt_set                             0x080049c0   Section        0  rt_event.o(i.rt_evt_set)
    i.rt_evt_wait                            0x08004a1c   Section        0  rt_event.o(i.rt_evt_wait)
    i.rt_free_box                            0x08004a58   Section        0  rt_membox.o(i.rt_free_box)
    i.rt_free_mem                            0x08004a84   Section        0  rt_memory.o(i.rt_free_mem)
    i.rt_get_first                           0x08004aac   Section        0  rt_list.o(i.rt_get_first)
    i.rt_id2obj                              0x08004ad4   Section        0  rt_cmsis.o(i.rt_id2obj)
    rt_id2obj                                0x08004ad5   Thumb Code     8  rt_cmsis.o(i.rt_id2obj)
    i.rt_init_context                        0x08004adc   Section        0  rt_task.o(i.rt_init_context)
    rt_init_context                          0x08004add   Thumb Code    66  rt_task.o(i.rt_init_context)
    i.rt_init_mem                            0x08004b24   Section        0  rt_memory.o(i.rt_init_mem)
    i.rt_init_robin                          0x08004b40   Section        0  rt_robin.o(i.rt_init_robin)
    i.rt_init_stack                          0x08004b58   Section        0  hal_cm.o(i.rt_init_stack)
    i.rt_mbx_check                           0x08004bd8   Section        0  rt_mailbox.o(i.rt_mbx_check)
    i.rt_mbx_init                            0x08004be0   Section        0  rt_mailbox.o(i.rt_mbx_init)
    i.rt_mbx_psh                             0x08004bfc   Section        0  rt_mailbox.o(i.rt_mbx_psh)
    i.rt_mbx_wait                            0x08004cec   Section        0  rt_mailbox.o(i.rt_mbx_wait)
    i.rt_ms2tick                             0x08004da0   Section        0  rt_cmsis.o(i.rt_ms2tick)
    rt_ms2tick                               0x08004da1   Thumb Code    58  rt_cmsis.o(i.rt_ms2tick)
    i.rt_pop_req                             0x08004de4   Section        0  rt_system.o(i.rt_pop_req)
    i.rt_psh_req                             0x08004e60   Section        0  rt_system.o(i.rt_psh_req)
    i.rt_psq_enq                             0x08004e80   Section        0  rt_list.o(i.rt_psq_enq)
    i.rt_put_dly                             0x08004edc   Section        0  rt_list.o(i.rt_put_dly)
    i.rt_put_prio                            0x08004f24   Section        0  rt_list.o(i.rt_put_prio)
    i.rt_put_rdy_first                       0x08004f5c   Section        0  rt_list.o(i.rt_put_rdy_first)
    i.rt_resort_prio                         0x08004f70   Section        0  rt_list.o(i.rt_resort_prio)
    i.rt_ret_regs                            0x08004fa4   Section        0  hal_cm.o(i.rt_ret_regs)
    rt_ret_regs                              0x08004fa5   Thumb Code    16  hal_cm.o(i.rt_ret_regs)
    i.rt_ret_val                             0x08004fb4   Section        0  hal_cm.o(i.rt_ret_val)
    i.rt_ret_val2                            0x08004fc0   Section        0  hal_cm.o(i.rt_ret_val2)
    i.rt_rmv_dly                             0x08004fd0   Section        0  rt_list.o(i.rt_rmv_dly)
    i.rt_rmv_list                            0x08004ff8   Section        0  rt_list.o(i.rt_rmv_list)
    i.rt_sem_psh                             0x08005028   Section        0  rt_semaphore.o(i.rt_sem_psh)
    i.rt_stk_check                           0x0800505c   Section        0  rt_system.o(i.rt_stk_check)
    i.rt_switch_req                          0x08005080   Section        0  rt_task.o(i.rt_switch_req)
    i.rt_sys_init                            0x080050a8   Section        0  rt_task.o(i.rt_sys_init)
    i.rt_sys_start                           0x08005174   Section        0  rt_task.o(i.rt_sys_start)
    i.rt_systick                             0x080051ec   Section        0  rt_system.o(i.rt_systick)
    i.rt_tid2ptcb                            0x0800522c   Section        0  rt_cmsis.o(i.rt_tid2ptcb)
    rt_tid2ptcb                              0x0800522d   Thumb Code    18  rt_cmsis.o(i.rt_tid2ptcb)
    i.rt_timer_insert                        0x08005240   Section        0  rt_cmsis.o(i.rt_timer_insert)
    rt_timer_insert                          0x08005241   Thumb Code    48  rt_cmsis.o(i.rt_timer_insert)
    i.rt_tsk_create                          0x08005274   Section        0  rt_task.o(i.rt_tsk_create)
    i.rt_tsk_delete                          0x080052fc   Section        0  rt_task.o(i.rt_tsk_delete)
    i.rt_tsk_prio                            0x08005478   Section        0  rt_task.o(i.rt_tsk_prio)
    i.rt_tsk_self                            0x080054f4   Section        0  rt_task.o(i.rt_tsk_self)
    i.segments_configure                     0x08005504   Section        0  segments.o(i.segments_configure)
    i.sqrt                                   0x08005584   Section        0  sqrt.o(i.sqrt)
    i.start_Accel_thread                     0x080055f4   Section        0  accel_thread.o(i.start_Accel_thread)
    i.start_LED_thread                       0x08005610   Section        0  led_thread.o(i.start_LED_thread)
    i.start_mouse_control_thread             0x0800562c   Section        0  mouse_control_thread.o(i.start_mouse_control_thread)
    i.start_mouse_thread                     0x08005648   Section        0  mouse_thread.o(i.start_mouse_thread)
    i.svcDelay                               0x08005664   Section        0  rt_cmsis.o(i.svcDelay)
    i.svcKernelInitialize                    0x08005678   Section        0  rt_cmsis.o(i.svcKernelInitialize)
    i.svcKernelStart                         0x080056e8   Section        0  rt_cmsis.o(i.svcKernelStart)
    i.svcMessageCreate                       0x08005730   Section        0  rt_cmsis.o(i.svcMessageCreate)
    i.svcMessageGet                          0x08005754   Section        0  rt_cmsis.o(i.svcMessageGet)
    i.svcSignalSet                           0x0800578e   Section        0  rt_cmsis.o(i.svcSignalSet)
    i.svcSignalWait                          0x080057b4   Section        0  rt_cmsis.o(i.svcSignalWait)
    i.svcThreadCreate                        0x08005808   Section        0  rt_cmsis.o(i.svcThreadCreate)
    i.svcThreadGetId                         0x08005878   Section        0  rt_cmsis.o(i.svcThreadGetId)
    i.svcThreadTerminate                     0x08005894   Section        0  rt_cmsis.o(i.svcThreadTerminate)
    i.svcTimerCall                           0x080058cc   Section        0  rt_cmsis.o(i.svcTimerCall)
    i.sysTimerTick                           0x080058e4   Section        0  rt_cmsis.o(i.sysTimerTick)
    i.timer_configure                        0x08005940   Section        0  timer.o(i.timer_configure)
    i.update_mouse_state                     0x080059a8   Section        0  mouse_thread.o(i.update_mouse_state)
    .constdata                               0x080059d0   Section       16  led_thread.o(.constdata)
    .constdata                               0x080059e0   Section       16  mouse_thread.o(.constdata)
    .constdata                               0x080059f0   Section       16  mouse_control_thread.o(.constdata)
    .constdata                               0x08005a00   Section       16  accel_thread.o(.constdata)
    .constdata                               0x08005a10   Section      104  rtx_conf_cm.o(.constdata)
    __tagsym$$used                           0x08005a2c   Number         0  rtx_conf_cm.o(.constdata)
    __tagsym$$used                           0x08005a30   Number         0  rtx_conf_cm.o(.constdata)
    __tagsym$$used                           0x08005a34   Number         0  rtx_conf_cm.o(.constdata)
    __tagsym$$used                           0x08005a38   Number         0  rtx_conf_cm.o(.constdata)
    .constdata                               0x08005a78   Section       16  stm32f4xx_hal_rcc.o(.constdata)
    .constdata                               0x08005a88   Section       80  acos.o(.constdata)
    pS                                       0x08005a88   Data          48  acos.o(.constdata)
    qS                                       0x08005ab8   Data          32  acos.o(.constdata)
    .constdata                               0x08005ad8   Section      152  atan.o(.constdata)
    atanhi                                   0x08005ad8   Data          32  atan.o(.constdata)
    atanlo                                   0x08005af8   Data          32  atan.o(.constdata)
    aTodd                                    0x08005b18   Data          40  atan.o(.constdata)
    aTeven                                   0x08005b40   Data          48  atan.o(.constdata)
    .data                                    0x20000000   Section        5  led_thread.o(.data)
    .data                                    0x20000008   Section       11  mouse_thread.o(.data)
    .data                                    0x20000014   Section        9  mouse_control_thread.o(.data)
    .data                                    0x20000020   Section       12  accel_thread.o(.data)
    .data                                    0x2000002c   Section        8  keypad.o(.data)
    .data                                    0x20000034   Section        4  timer.o(.data)
    .data                                    0x20000038   Section      118  cc2500.o(.data)
    .data                                    0x200000b0   Section        4  lis3dsh.o(.data)
    .data                                    0x200000b4   Section       16  rtx_conf_cm.o(.data)
    .data                                    0x200000c4   Section       32  usbd_fs_stm32f4xx.o(.data)
    SignalDeviceEvent                        0x200000c4   Data           4  usbd_fs_stm32f4xx.o(.data)
    SignalEndpointEvent                      0x200000c8   Data           4  usbd_fs_stm32f4xx.o(.data)
    hw_powered                               0x200000cc   Data           1  usbd_fs_stm32f4xx.o(.data)
    hw_initialized                           0x200000cd   Data           1  usbd_fs_stm32f4xx.o(.data)
    usbd_state                               0x200000d0   Data           4  usbd_fs_stm32f4xx.o(.data)
    setup_packet                             0x200000d4   Data           8  usbd_fs_stm32f4xx.o(.data)
    setup_received                           0x200000dc   Data           1  usbd_fs_stm32f4xx.o(.data)
    IsoInIncomplete                          0x200000e0   Data           4  usbd_fs_stm32f4xx.o(.data)
    .data                                    0x200000e4   Section        4  stm32f4xx_hal.o(.data)
    .data                                    0x200000e8   Section        4  system_stm32f4xx.o(.data)
    .data                                    0x200000ec   Section        8  rt_cmsis.o(.data)
    .data                                    0x200000f4   Section        8  rt_task.o(.data)
    .data                                    0x200000fc   Section        8  rt_system.o(.data)
    os_lock                                  0x200000fc   Data           1  rt_system.o(.data)
    os_psh_flag                              0x200000fd   Data           1  rt_system.o(.data)
    pend_flags                               0x200000fe   Data           1  rt_system.o(.data)
    .data                                    0x20000104   Section        4  rt_time.o(.data)
    .data                                    0x20000108   Section        1  hal_cm.o(.data)
    .data                                    0x2000010c   Section        8  rt_robin.o(.data)
    .data                                    0x20000114   Section        4  stdout.o(.data)
    .data                                    0x20000118   Section        4  errno.o(.data)
    _errno                                   0x20000118   Data           4  errno.o(.data)
    .bss                                     0x2000011c   Section      108  accelerometer.o(.bss)
    .bss                                     0x20000188   Section       60  timer.o(.bss)
    .bss                                     0x200001c4   Section      203  cc2500.o(.bss)
    .bss                                     0x20000290   Section       88  lis3dsh.o(.bss)
    .bss                                     0x200002e8   Section     6704  rtx_conf_cm.o(.bss)
    .bss                                     0x20001d18   Section      160  usbd_fs_stm32f4xx.o(.bss)
    ep                                       0x20001d18   Data         160  usbd_fs_stm32f4xx.o(.bss)
    .bss                                     0x20001db8   Section       52  rt_task.o(.bss)
    .bss                                     0x20001dec   Section       48  rt_list.o(.bss)
    STACK                                    0x20001e20   Section     1024  startup_stm32f407xx.o(STACK)

    Global Symbols

    Symbol Name                              Value     Ov Type        Size  Object(Section)

    BuildAttributes$$THM_ISAv4$E$P$D$K$B$S$7EM$VFPi3$EXTD16$VFPS$VFMA$PE$A:L22UL41UL21$X:L11$S22US41US21$IEEE1$IW$~IW$USESV6$~STKCKD$USESV7$~SHL$OTIME$ROPI$IEEEX$EBA8$MICROLIB$REQ8$PRES8$EABIv2 0x00000000   Number         0  anon$$obj.o ABSOLUTE
    __ARM_use_no_argv                        0x00000000   Number         0  main.o ABSOLUTE
    __cpp_initialize__aeabi_                  - Undefined Weak Reference
    __cxa_finalize                            - Undefined Weak Reference
    __decompress                              - Undefined Weak Reference
    _clock_init                               - Undefined Weak Reference
    _microlib_exit                            - Undefined Weak Reference
    __Vectors_Size                           0x00000188   Number         0  startup_stm32f407xx.o ABSOLUTE
    __RL_RTX_VER                             0x00000481   Number         0  rt_system.o ABSOLUTE
    __MW_USB_VER                             0x06080000   Number         0  usb_lib_version.o ABSOLUTE
    __Vectors                                0x08000000   Data           4  startup_stm32f407xx.o(RESET)
    __Vectors_End                            0x08000188   Data           0  startup_stm32f407xx.o(RESET)
    __main                                   0x08000189   Thumb Code     0  entry.o(.ARM.Collect$$$$00000000)
    _main_stk                                0x08000189   Thumb Code     0  entry2.o(.ARM.Collect$$$$00000001)
    _main_scatterload                        0x0800018d   Thumb Code     0  entry5.o(.ARM.Collect$$$$00000004)
    __main_after_scatterload                 0x08000191   Thumb Code     0  entry5.o(.ARM.Collect$$$$00000004)
    __rt_final_cpp                           0x08000191   Thumb Code     0  entry10a.o(.ARM.Collect$$$$0000000D)
    __rt_final_exit                          0x08000191   Thumb Code     0  entry11a.o(.ARM.Collect$$$$0000000F)
    _main_clock                              0x08000191   Thumb Code     0  entry7b.o(.ARM.Collect$$$$00000008)
    _main_cpp_init                           0x08000191   Thumb Code     0  entry8b.o(.ARM.Collect$$$$0000000A)
    _main_init                               0x08000191   Thumb Code    18  rtx_conf_cm.o(.ARM.Collect$$$$000000FF)
    rt_set_PSP                               0x080001ad   Thumb Code     6  hal_cm4.o(.emb_text)
    rt_get_PSP                               0x080001b3   Thumb Code     6  hal_cm4.o(.emb_text)
    os_set_env                               0x080001b9   Thumb Code    24  hal_cm4.o(.emb_text)
    _alloc_box                               0x080001d5   Thumb Code    28  hal_cm4.o(.emb_text)
    _free_box                                0x080001f5   Thumb Code    28  hal_cm4.o(.emb_text)
    SVC_Handler                              0x08000215   Thumb Code   168  hal_cm4.o(.emb_text)
    PendSV_Handler                           0x080002cd   Thumb Code    96  hal_cm4.o(.emb_text)
    SysTick_Handler                          0x08000331   Thumb Code     8  hal_cm4.o(.emb_text)
    OS_Tick_Handler                          0x08000339   Thumb Code    12  hal_cm4.o(.emb_text)
    Reset_Handler                            0x08000345   Thumb Code     8  startup_stm32f407xx.o(.text)
    ADC_IRQHandler                           0x0800035f   Thumb Code     0  startup_stm32f407xx.o(.text)
    CAN1_RX0_IRQHandler                      0x0800035f   Thumb Code     0  startup_stm32f407xx.o(.text)
    CAN1_RX1_IRQHandler                      0x0800035f   Thumb Code     0  startup_stm32f407xx.o(.text)
    CAN1_SCE_IRQHandler                      0x0800035f   Thumb Code     0  startup_stm32f407xx.o(.text)
    CAN1_TX_IRQHandler                       0x0800035f   Thumb Code     0  startup_stm32f407xx.o(.text)
    CAN2_RX0_IRQHandler                      0x0800035f   Thumb Code     0  startup_stm32f407xx.o(.text)
    CAN2_RX1_IRQHandler                      0x0800035f   Thumb Code     0  startup_stm32f407xx.o(.text)
    CAN2_SCE_IRQHandler                      0x0800035f   Thumb Code     0  startup_stm32f407xx.o(.text)
    CAN2_TX_IRQHandler                       0x0800035f   Thumb Code     0  startup_stm32f407xx.o(.text)
    DCMI_IRQHandler                          0x0800035f   Thumb Code     0  startup_stm32f407xx.o(.text)
    DMA1_Stream0_IRQHandler                  0x0800035f   Thumb Code     0  startup_stm32f407xx.o(.text)
    DMA1_Stream1_IRQHandler                  0x0800035f   Thumb Code     0  startup_stm32f407xx.o(.text)
    DMA1_Stream2_IRQHandler                  0x0800035f   Thumb Code     0  startup_stm32f407xx.o(.text)
    DMA1_Stream3_IRQHandler                  0x0800035f   Thumb Code     0  startup_stm32f407xx.o(.text)
    DMA1_Stream4_IRQHandler                  0x0800035f   Thumb Code     0  startup_stm32f407xx.o(.text)
    DMA1_Stream5_IRQHandler                  0x0800035f   Thumb Code     0  startup_stm32f407xx.o(.text)
    DMA1_Stream6_IRQHandler                  0x0800035f   Thumb Code     0  startup_stm32f407xx.o(.text)
    DMA1_Stream7_IRQHandler                  0x0800035f   Thumb Code     0  startup_stm32f407xx.o(.text)
    DMA2_Stream0_IRQHandler                  0x0800035f   Thumb Code     0  startup_stm32f407xx.o(.text)
    DMA2_Stream1_IRQHandler                  0x0800035f   Thumb Code     0  startup_stm32f407xx.o(.text)
    DMA2_Stream2_IRQHandler                  0x0800035f   Thumb Code     0  startup_stm32f407xx.o(.text)
    DMA2_Stream3_IRQHandler                  0x0800035f   Thumb Code     0  startup_stm32f407xx.o(.text)
    DMA2_Stream4_IRQHandler                  0x0800035f   Thumb Code     0  startup_stm32f407xx.o(.text)
    DMA2_Stream5_IRQHandler                  0x0800035f   Thumb Code     0  startup_stm32f407xx.o(.text)
    DMA2_Stream6_IRQHandler                  0x0800035f   Thumb Code     0  startup_stm32f407xx.o(.text)
    DMA2_Stream7_IRQHandler                  0x0800035f   Thumb Code     0  startup_stm32f407xx.o(.text)
    ETH_IRQHandler                           0x0800035f   Thumb Code     0  startup_stm32f407xx.o(.text)
    ETH_WKUP_IRQHandler                      0x0800035f   Thumb Code     0  startup_stm32f407xx.o(.text)
    EXTI15_10_IRQHandler                     0x0800035f   Thumb Code     0  startup_stm32f407xx.o(.text)
    EXTI1_IRQHandler                         0x0800035f   Thumb Code     0  startup_stm32f407xx.o(.text)
    EXTI2_IRQHandler                         0x0800035f   Thumb Code     0  startup_stm32f407xx.o(.text)
    EXTI3_IRQHandler                         0x0800035f   Thumb Code     0  startup_stm32f407xx.o(.text)
    EXTI4_IRQHandler                         0x0800035f   Thumb Code     0  startup_stm32f407xx.o(.text)
    EXTI9_5_IRQHandler                       0x0800035f   Thumb Code     0  startup_stm32f407xx.o(.text)
    FLASH_IRQHandler                         0x0800035f   Thumb Code     0  startup_stm32f407xx.o(.text)
    FMC_IRQHandler                           0x0800035f   Thumb Code     0  startup_stm32f407xx.o(.text)
    FPU_IRQHandler                           0x0800035f   Thumb Code     0  startup_stm32f407xx.o(.text)
    HASH_RNG_IRQHandler                      0x0800035f   Thumb Code     0  startup_stm32f407xx.o(.text)
    I2C1_ER_IRQHandler                       0x0800035f   Thumb Code     0  startup_stm32f407xx.o(.text)
    I2C1_EV_IRQHandler                       0x0800035f   Thumb Code     0  startup_stm32f407xx.o(.text)
    I2C2_ER_IRQHandler                       0x0800035f   Thumb Code     0  startup_stm32f407xx.o(.text)
    I2C2_EV_IRQHandler                       0x0800035f   Thumb Code     0  startup_stm32f407xx.o(.text)
    I2C3_ER_IRQHandler                       0x0800035f   Thumb Code     0  startup_stm32f407xx.o(.text)
    I2C3_EV_IRQHandler                       0x0800035f   Thumb Code     0  startup_stm32f407xx.o(.text)
    OTG_FS_WKUP_IRQHandler                   0x0800035f   Thumb Code     0  startup_stm32f407xx.o(.text)
    OTG_HS_EP1_IN_IRQHandler                 0x0800035f   Thumb Code     0  startup_stm32f407xx.o(.text)
    OTG_HS_EP1_OUT_IRQHandler                0x0800035f   Thumb Code     0  startup_stm32f407xx.o(.text)
    OTG_HS_IRQHandler                        0x0800035f   Thumb Code     0  startup_stm32f407xx.o(.text)
    OTG_HS_WKUP_IRQHandler                   0x0800035f   Thumb Code     0  startup_stm32f407xx.o(.text)
    PVD_IRQHandler                           0x0800035f   Thumb Code     0  startup_stm32f407xx.o(.text)
    RCC_IRQHandler                           0x0800035f   Thumb Code     0  startup_stm32f407xx.o(.text)
    RTC_Alarm_IRQHandler                     0x0800035f   Thumb Code     0  startup_stm32f407xx.o(.text)
    RTC_WKUP_IRQHandler                      0x0800035f   Thumb Code     0  startup_stm32f407xx.o(.text)
    SDIO_IRQHandler                          0x0800035f   Thumb Code     0  startup_stm32f407xx.o(.text)
    SPI1_IRQHandler                          0x0800035f   Thumb Code     0  startup_stm32f407xx.o(.text)
    SPI2_IRQHandler                          0x0800035f   Thumb Code     0  startup_stm32f407xx.o(.text)
    SPI3_IRQHandler                          0x0800035f   Thumb Code     0  startup_stm32f407xx.o(.text)
    TAMP_STAMP_IRQHandler                    0x0800035f   Thumb Code     0  startup_stm32f407xx.o(.text)
    TIM1_BRK_TIM9_IRQHandler                 0x0800035f   Thumb Code     0  startup_stm32f407xx.o(.text)
    TIM1_CC_IRQHandler                       0x0800035f   Thumb Code     0  startup_stm32f407xx.o(.text)
    TIM1_TRG_COM_TIM11_IRQHandler            0x0800035f   Thumb Code     0  startup_stm32f407xx.o(.text)
    TIM1_UP_TIM10_IRQHandler                 0x0800035f   Thumb Code     0  startup_stm32f407xx.o(.text)
    TIM2_IRQHandler                          0x0800035f   Thumb Code     0  startup_stm32f407xx.o(.text)
    TIM4_IRQHandler                          0x0800035f   Thumb Code     0  startup_stm32f407xx.o(.text)
    TIM5_IRQHandler                          0x0800035f   Thumb Code     0  startup_stm32f407xx.o(.text)
    TIM6_DAC_IRQHandler                      0x0800035f   Thumb Code     0  startup_stm32f407xx.o(.text)
    TIM7_IRQHandler                          0x0800035f   Thumb Code     0  startup_stm32f407xx.o(.text)
    TIM8_BRK_TIM12_IRQHandler                0x0800035f   Thumb Code     0  startup_stm32f407xx.o(.text)
    TIM8_CC_IRQHandler                       0x0800035f   Thumb Code     0  startup_stm32f407xx.o(.text)
    TIM8_TRG_COM_TIM14_IRQHandler            0x0800035f   Thumb Code     0  startup_stm32f407xx.o(.text)
    TIM8_UP_TIM13_IRQHandler                 0x0800035f   Thumb Code     0  startup_stm32f407xx.o(.text)
    UART4_IRQHandler                         0x0800035f   Thumb Code     0  startup_stm32f407xx.o(.text)
    UART5_IRQHandler                         0x0800035f   Thumb Code     0  startup_stm32f407xx.o(.text)
    USART1_IRQHandler                        0x0800035f   Thumb Code     0  startup_stm32f407xx.o(.text)
    USART2_IRQHandler                        0x0800035f   Thumb Code     0  startup_stm32f407xx.o(.text)
    USART3_IRQHandler                        0x0800035f   Thumb Code     0  startup_stm32f407xx.o(.text)
    USART6_IRQHandler                        0x0800035f   Thumb Code     0  startup_stm32f407xx.o(.text)
    WWDG_IRQHandler                          0x0800035f   Thumb Code     0  startup_stm32f407xx.o(.text)
    __aeabi_memset                           0x08000369   Thumb Code    14  memseta.o(.text)
    __aeabi_memset4                          0x08000369   Thumb Code     0  memseta.o(.text)
    __aeabi_memset8                          0x08000369   Thumb Code     0  memseta.o(.text)
    __aeabi_memclr                           0x08000377   Thumb Code     4  memseta.o(.text)
    __aeabi_memclr4                          0x08000377   Thumb Code     0  memseta.o(.text)
    __aeabi_memclr8                          0x08000377   Thumb Code     0  memseta.o(.text)
    _memset$wrapper                          0x0800037b   Thumb Code    18  memseta.o(.text)
    __aeabi_dadd                             0x0800038d   Thumb Code   322  dadd.o(.text)
    __aeabi_dsub                             0x080004cf   Thumb Code     6  dadd.o(.text)
    __aeabi_drsub                            0x080004d5   Thumb Code     6  dadd.o(.text)
    __aeabi_dmul                             0x080004db   Thumb Code   228  dmul.o(.text)
    __aeabi_ddiv                             0x080005bf   Thumb Code   222  ddiv.o(.text)
    __aeabi_f2d                              0x0800069d   Thumb Code    38  f2d.o(.text)
    __aeabi_d2f                              0x080006c3   Thumb Code    56  d2f.o(.text)
    __aeabi_llsl                             0x080006fb   Thumb Code    30  llshl.o(.text)
    _ll_shift_l                              0x080006fb   Thumb Code     0  llshl.o(.text)
    __aeabi_llsr                             0x08000719   Thumb Code    32  llushr.o(.text)
    _ll_ushift_r                             0x08000719   Thumb Code     0  llushr.o(.text)
    __aeabi_lasr                             0x08000739   Thumb Code    36  llsshr.o(.text)
    _ll_sshift_r                             0x08000739   Thumb Code     0  llsshr.o(.text)
    __I$use$fp                               0x0800075d   Thumb Code     0  iusefp.o(.text)
    _float_round                             0x0800075d   Thumb Code    18  fepilogue.o(.text)
    _float_epilogue                          0x0800076f   Thumb Code    92  fepilogue.o(.text)
    _double_round                            0x080007cb   Thumb Code    30  depilogue.o(.text)
    _double_epilogue                         0x080007e9   Thumb Code   156  depilogue.o(.text)
    _dsqrt                                   0x08000885   Thumb Code   162  dsqrt.o(.text)
    __scatterload                            0x08000929   Thumb Code    28  init.o(.text)
    __scatterload_rt2                        0x08000929   Thumb Code     0  init.o(.text)
    SVC_Count                                0x0800094c   Data           4  svc_table.o(SVC_TABLE)
    Accel_interrupt_handler                  0x08000951   Thumb Code    20  accel_thread.o(i.Accel_interrupt_handler)
    SVC_Table                                0x08000950   Data           0  svc_table.o(SVC_TABLE)
    Accel_thread                             0x08000969   Thumb Code    44  accel_thread.o(i.Accel_thread)
    BusFault_Handler                         0x0800099d   Thumb Code     4  stm32f4xx_it.o(i.BusFault_Handler)
    CC2500_CommandStrobe                     0x080009a1   Thumb Code    54  cc2500.o(i.CC2500_CommandStrobe)
    CC2500_HAL_SPI_MspInit                   0x080009e1   Thumb Code   194  cc2500.o(i.CC2500_HAL_SPI_MspInit)
    CC2500_ReadRegister                      0x08000ab1   Thumb Code    70  cc2500.o(i.CC2500_ReadRegister)
    CC2500_ReadState                         0x08000b01   Thumb Code    18  cc2500.o(i.CC2500_ReadState)
    CC2500_SPI_ReceiveData                   0x08000b13   Thumb Code    10  cc2500.o(i.CC2500_SPI_ReceiveData)
    CC2500_SPI_SendData                      0x08000b95   Thumb Code     6  cc2500.o(i.CC2500_SPI_SendData)
    CC2500_SPI_init                          0x08000b9d   Thumb Code   126  cc2500.o(i.CC2500_SPI_init)
    CC2500_SPI_read                          0x08000c29   Thumb Code    44  cc2500.o(i.CC2500_SPI_read)
    CC2500_SPI_strobe                        0x08000c55   Thumb Code    20  cc2500.o(i.CC2500_SPI_strobe)
    CC2500_SPI_write                         0x08000c69   Thumb Code    42  cc2500.o(i.CC2500_SPI_write)
    CC2500_SendPacket                        0x08000c93   Thumb Code    36  cc2500.o(i.CC2500_SendPacket)
    CC2500_Timeout_Error_Handler             0x08000cb7   Thumb Code     6  cc2500.o(i.CC2500_Timeout_Error_Handler)
    CC2500_WriteBufferToTXFIFO               0x08000cbd   Thumb Code    66  cc2500.o(i.CC2500_WriteBufferToTXFIFO)
    CC2500_WriteRegister                     0x08000d09   Thumb Code    78  cc2500.o(i.CC2500_WriteRegister)
    CC2500_configure                         0x08000d61   Thumb Code    24  cc2500.o(i.CC2500_configure)
    CC2500_settings_configure                0x08000d79   Thumb Code   436  cc2500.o(i.CC2500_settings_configure)
    CC2500_stateTX                           0x08000f2d   Thumb Code    42  cc2500.o(i.CC2500_stateTX)
    CC2500_testing                           0x08000f57   Thumb Code   126  cc2500.o(i.CC2500_testing)
    DebugMon_Handler                         0x08000fd5   Thumb Code     2  stm32f4xx_it.o(i.DebugMon_Handler)
    EXTI0_IRQHandler                         0x08000fd7   Thumb Code    10  stm32f4xx_it.o(i.EXTI0_IRQHandler)
    Error_Handler                            0x08000fe1   Thumb Code    78  supporting_functions.o(i.Error_Handler)
    HAL_GPIO_EXTI_Callback                   0x08001165   Thumb Code    18  accelerometer.o(i.HAL_GPIO_EXTI_Callback)
    HAL_GPIO_EXTI_IRQHandler                 0x08001179   Thumb Code    24  stm32f4xx_hal_gpio.o(i.HAL_GPIO_EXTI_IRQHandler)
    HAL_GPIO_Init                            0x08001195   Thumb Code   476  stm32f4xx_hal_gpio.o(i.HAL_GPIO_Init)
    HAL_GPIO_ReadPin                         0x080013a1   Thumb Code    16  stm32f4xx_hal_gpio.o(i.HAL_GPIO_ReadPin)
    HAL_GPIO_WritePin                        0x080013b1   Thumb Code    12  stm32f4xx_hal_gpio.o(i.HAL_GPIO_WritePin)
    HAL_GetTick                              0x080013bd   Thumb Code     6  stm32f4xx_hal.o(i.HAL_GetTick)
    HAL_Init                                 0x080013c9   Thumb Code    54  stm32f4xx_hal.o(i.HAL_Init)
    HAL_InitTick                             0x08001405   Thumb Code    36  stm32f4xx_hal.o(i.HAL_InitTick)
    HAL_MspInit                              0x0800142d   Thumb Code     2  stm32f4xx_hal.o(i.HAL_MspInit)
    HAL_NVIC_EnableIRQ                       0x0800142f   Thumb Code    32  stm32f4xx_hal_cortex.o(i.HAL_NVIC_EnableIRQ)
    HAL_NVIC_SetPriority                     0x0800144f   Thumb Code   124  stm32f4xx_hal_cortex.o(i.HAL_NVIC_SetPriority)
    HAL_NVIC_SetPriorityGrouping             0x080014cd   Thumb Code    32  stm32f4xx_hal_cortex.o(i.HAL_NVIC_SetPriorityGrouping)
    HAL_RCC_ClockConfig                      0x080014f5   Thumb Code   446  stm32f4xx_hal_rcc.o(i.HAL_RCC_ClockConfig)
    HAL_RCC_GetSysClockFreq                  0x080016c5   Thumb Code   168  stm32f4xx_hal_rcc.o(i.HAL_RCC_GetSysClockFreq)
    HAL_RCC_OscConfig                        0x08001779   Thumb Code   906  stm32f4xx_hal_rcc.o(i.HAL_RCC_OscConfig)
    HAL_SPI_DeInit                           0x08001b15   Thumb Code    54  stm32f4xx_hal_spi.o(i.HAL_SPI_DeInit)
    HAL_SPI_Init                             0x08001b4b   Thumb Code   160  stm32f4xx_hal_spi.o(i.HAL_SPI_Init)
    HAL_SPI_MspDeInit                        0x08001beb   Thumb Code     2  stm32f4xx_hal_spi.o(i.HAL_SPI_MspDeInit)
    HAL_SPI_MspInit                          0x08001bed   Thumb Code   218  lis3dsh.o(i.HAL_SPI_MspInit)
    HAL_SYSTICK_Config                       0x08001cd9   Thumb Code    52  stm32f4xx_hal_cortex.o(i.HAL_SYSTICK_Config)
    HAL_TIMEx_BreakCallback                  0x08001d0d   Thumb Code     2  stm32f4xx_hal_tim_ex.o(i.HAL_TIMEx_BreakCallback)
    HAL_TIMEx_CommutationCallback            0x08001d0f   Thumb Code     2  stm32f4xx_hal_tim_ex.o(i.HAL_TIMEx_CommutationCallback)
    HAL_TIM_Base_Init                        0x08001d11   Thumb Code    52  stm32f4xx_hal_tim.o(i.HAL_TIM_Base_Init)
    HAL_TIM_Base_MspInit                     0x08001d45   Thumb Code     2  stm32f4xx_hal_tim.o(i.HAL_TIM_Base_MspInit)
    HAL_TIM_Base_Start_IT                    0x08001d47   Thumb Code    30  stm32f4xx_hal_tim.o(i.HAL_TIM_Base_Start_IT)
    HAL_TIM_IC_CaptureCallback               0x08001d65   Thumb Code     2  stm32f4xx_hal_tim.o(i.HAL_TIM_IC_CaptureCallback)
    HAL_TIM_IRQHandler                       0x08001d67   Thumb Code   406  stm32f4xx_hal_tim.o(i.HAL_TIM_IRQHandler)
    HAL_TIM_OC_DelayElapsedCallback          0x08001efd   Thumb Code     2  stm32f4xx_hal_tim.o(i.HAL_TIM_OC_DelayElapsedCallback)
    HAL_TIM_PWM_PulseFinishedCallback        0x08001eff   Thumb Code     2  stm32f4xx_hal_tim.o(i.HAL_TIM_PWM_PulseFinishedCallback)
    HAL_TIM_PeriodElapsedCallback            0x08001f01   Thumb Code    72  timer.o(i.HAL_TIM_PeriodElapsedCallback)
    HAL_TIM_TriggerCallback                  0x08001f51   Thumb Code     2  stm32f4xx_hal_tim.o(i.HAL_TIM_TriggerCallback)
    HardFault_Handler                        0x08001f53   Thumb Code     4  stm32f4xx_it.o(i.HardFault_Handler)
    Kalmanfilter_C_1d                        0x08001f57   Thumb Code   178  kalman.o(i.Kalmanfilter_C_1d)
    LED_thread                               0x08002009   Thumb Code    24  led_thread.o(i.LED_thread)
    LED_thread_signal                        0x08002021   Thumb Code    14  led_thread.o(i.LED_thread_signal)
    LIS3DSH_DataReadyInterruptConfig         0x08002035   Thumb Code    42  lis3dsh.o(i.LIS3DSH_DataReadyInterruptConfig)
    LIS3DSH_Init                             0x08002061   Thumb Code   170  lis3dsh.o(i.LIS3DSH_Init)
    LIS3DSH_Read                             0x0800213d   Thumb Code    70  lis3dsh.o(i.LIS3DSH_Read)
    LIS3DSH_ReadACC                          0x08002189   Thumb Code   428  lis3dsh.o(i.LIS3DSH_ReadACC)
    LIS3DSH_TIMEOUT_UserCallback             0x080023bd   Thumb Code     4  lis3dsh.o(i.LIS3DSH_TIMEOUT_UserCallback)
    LIS3DSH_Write                            0x080023c1   Thumb Code    62  lis3dsh.o(i.LIS3DSH_Write)
    MemManage_Handler                        0x08002405   Thumb Code     4  stm32f4xx_it.o(i.MemManage_Handler)
    NMI_Handler                              0x08002409   Thumb Code     2  stm32f4xx_it.o(i.NMI_Handler)
    OTG_FS_IRQHandler                        0x0800240b   Thumb Code    26  otg_fs_stm32f4xx.o(i.OTG_FS_IRQHandler)
    SPI_ReceiveData                          0x08002425   Thumb Code    10  lis3dsh.o(i.SPI_ReceiveData)
    SPI_SendData                             0x0800242f   Thumb Code     6  lis3dsh.o(i.SPI_SendData)
    SystemClock_Config                       0x08002435   Thumb Code   158  sysclk_config.o(i.SystemClock_Config)
    SystemInit                               0x080024dd   Thumb Code    82  system_stm32f4xx.o(i.SystemInit)
    TIM3_IRQHandler                          0x08002541   Thumb Code    10  stm32f4xx_it.o(i.TIM3_IRQHandler)
    TIM_Base_SetConfig                       0x08002551   Thumb Code   184  stm32f4xx_hal_tim.o(i.TIM_Base_SetConfig)
    USBD_FS_IRQ                              0x08002719   Thumb Code  1546  usbd_fs_stm32f4xx.o(i.USBD_FS_IRQ)
    UsageFault_Handler                       0x0800306d   Thumb Code     4  stm32f4xx_it.o(i.UsageFault_Handler)
    __0printf$bare                           0x08003071   Thumb Code     8  printfb.o(i.__0printf$bare)
    __1printf$bare                           0x08003071   Thumb Code     0  printfb.o(i.__0printf$bare)
    __2printf                                0x08003071   Thumb Code     0  printfb.o(i.__0printf$bare)
    __ARM_fpclassify                         0x08003081   Thumb Code    48  fpclassify.o(i.__ARM_fpclassify)
    __hardfp_acos                            0x080030e9   Thumb Code   738  acos.o(i.__hardfp_acos)
    __hardfp_atan                            0x08003441   Thumb Code   622  atan.o(i.__hardfp_atan)
    __hardfp_sqrt                            0x08003719   Thumb Code   122  sqrt.o(i.__hardfp_sqrt)
    __kernel_poly                            0x08003793   Thumb Code   248  poly.o(i.__kernel_poly)
    __mathlib_dbl_infnan                     0x0800388b   Thumb Code    20  dunder.o(i.__mathlib_dbl_infnan)
    __mathlib_dbl_invalid                    0x080038a1   Thumb Code    24  dunder.o(i.__mathlib_dbl_invalid)
    __mathlib_dbl_underflow                  0x080038c1   Thumb Code    24  dunder.o(i.__mathlib_dbl_underflow)
    __scatterload_copy                       0x080038e1   Thumb Code    14  handlers.o(i.__scatterload_copy)
    __scatterload_null                       0x080038ef   Thumb Code     2  handlers.o(i.__scatterload_null)
    __scatterload_zeroinit                   0x080038f1   Thumb Code    14  handlers.o(i.__scatterload_zeroinit)
    __set_errno                              0x08003901   Thumb Code     6  errno.o(i.__set_errno)
    _init_box                                0x0800390d   Thumb Code    70  rt_membox.o(i._init_box)
    accel_kalman_config                      0x08003975   Thumb Code    46  accelerometer.o(i.accel_kalman_config)
    accelerometer_config                     0x080039b9   Thumb Code    88  accelerometer.o(i.accelerometer_config)
    accelerometer_get_pitch_angle            0x08003a11   Thumb Code   140  accelerometer.o(i.accelerometer_get_pitch_angle)
    accelerometer_get_roll_angle             0x08003aa1   Thumb Code   140  accelerometer.o(i.accelerometer_get_roll_angle)
    accelerometer_read                       0x08003b31   Thumb Code    10  accelerometer.o(i.accelerometer_read)
    accelerometer_update                     0x08003b41   Thumb Code   584  accelerometer.o(i.accelerometer_update)
    alert_led_toggle                         0x08003e05   Thumb Code   124  led_thread.o(i.alert_led_toggle)
    convert_and_clamp_angle                  0x08003e85   Thumb Code   146  accelerometer.o(i.convert_and_clamp_angle)
    dbg_init                                 0x08003f31   Thumb Code    34  hal_cm.o(i.dbg_init)
    dbg_task_notify                          0x08003f61   Thumb Code    32  hal_cm.o(i.dbg_task_notify)
    dbg_task_switch                          0x08003f81   Thumb Code    16  hal_cm.o(i.dbg_task_switch)
    fabs                                     0x08003f91   Thumb Code    24  fabs.o(i.fabs)
    fputc                                    0x08003fa9   Thumb Code    52  fput_debug.o(i.fputc)
    getNormalizedMovementFromAngle           0x08003fe1   Thumb Code    68  mouse_control_thread.o(i.getNormalizedMovementFromAngle)
    init_kalman_1d                           0x0800402d   Thumb Code    50  kalman.o(i.init_kalman_1d)
    isrMessageGet                            0x08004069   Thumb Code    42  rt_cmsis.o(i.isrMessageGet)
    isrMessagePut                            0x08004093   Thumb Code    44  rt_cmsis.o(i.isrMessagePut)
    isrSignalSet                             0x080040bf   Thumb Code    36  rt_cmsis.o(i.isrSignalSet)
    isr_evt_set                              0x080040e5   Thumb Code    34  rt_event.o(i.isr_evt_set)
    isr_mbx_receive                          0x0800410d   Thumb Code    86  rt_mailbox.o(i.isr_mbx_receive)
    isr_mbx_send                             0x08004163   Thumb Code    14  rt_mailbox.o(i.isr_mbx_send)
    keypad_configure                         0x08004171   Thumb Code    64  keypad.o(i.keypad_configure)
    keypad_poll_column                       0x080041b9   Thumb Code    48  keypad.o(i.keypad_poll_column)
    keypad_poll_row                          0x080041ed   Thumb Code    40  keypad.o(i.keypad_poll_row)
    keypad_read                              0x08004219   Thumb Code   388  keypad.o(i.keypad_read)
    keypad_read_debounce                     0x080043c1   Thumb Code    42  keypad.o(i.keypad_read_debounce)
    led_configure                            0x080043ed   Thumb Code    66  led.o(i.led_configure)
    led_toggle_led_off                       0x08004439   Thumb Code    16  led.o(i.led_toggle_led_off)
    led_toggle_led_on                        0x0800444d   Thumb Code    16  led.o(i.led_toggle_led_on)
    main                                     0x08004461   Thumb Code    74  main.o(i.main)
    mouse_control_thread                     0x080044ad   Thumb Code   224  mouse_control_thread.o(i.mouse_control_thread)
    mouse_control_tim_elapsed_handler        0x080045b1   Thumb Code    24  mouse_control_thread.o(i.mouse_control_tim_elapsed_handler)
    mouse_thread                             0x080045d1   Thumb Code    36  mouse_thread.o(i.mouse_thread)
    mouse_tim_elapsed_handler                0x080045f9   Thumb Code    24  mouse_thread.o(i.mouse_tim_elapsed_handler)
    osDelay                                  0x08004619   Thumb Code    18  rt_cmsis.o(i.osDelay)
    osKernelInitialize                       0x08004631   Thumb Code    30  rt_cmsis.o(i.osKernelInitialize)
    osKernelStart                            0x08004655   Thumb Code    98  rt_cmsis.o(i.osKernelStart)
    osMessageGet                             0x080046c1   Thumb Code    18  rt_cmsis.o(i.osMessageGet)
    osSignalSet                              0x080046d9   Thumb Code    18  rt_cmsis.o(i.osSignalSet)
    osSignalWait                             0x080046f1   Thumb Code    18  rt_cmsis.o(i.osSignalWait)
    osThreadCreate                           0x08004709   Thumb Code    38  rt_cmsis.o(i.osThreadCreate)
    osThreadExit                             0x08004739   Thumb Code    14  rt_cmsis.o(i.osThreadExit)
    osTimerCall                              0x08004751   Thumb Code     8  rt_cmsis.o(i.osTimerCall)
    osTimerThread                            0x0800475d   Thumb Code    38  rt_cmsis.o(i.osTimerThread)
    os_error                                 0x08004789   Thumb Code    34  rtx_conf_cm.o(i.os_error)
    os_idle_demon                            0x080047ab   Thumb Code     4  rtx_conf_cm.o(i.os_idle_demon)
    os_tick_init                             0x080047b1   Thumb Code    32  rt_system.o(i.os_tick_init)
    os_tick_irqack                           0x080047d9   Thumb Code     2  rt_system.o(i.os_tick_irqack)
    rt_alloc_box                             0x080047db   Thumb Code    26  rt_membox.o(i.rt_alloc_box)
    rt_alloc_mem                             0x080047f5   Thumb Code    62  rt_memory.o(i.rt_alloc_mem)
    rt_block                                 0x08004835   Thumb Code    48  rt_task.o(i.rt_block)
    rt_chk_robin                             0x0800486d   Thumb Code    60  rt_robin.o(i.rt_chk_robin)
    rt_dec_dly                               0x080048b5   Thumb Code   102  rt_list.o(i.rt_dec_dly)
    rt_dispatch                              0x08004925   Thumb Code    60  rt_task.o(i.rt_dispatch)
    rt_dly_wait                              0x08004969   Thumb Code     6  rt_time.o(i.rt_dly_wait)
    rt_evt_psh                               0x08004971   Thumb Code    76  rt_event.o(i.rt_evt_psh)
    rt_evt_set                               0x080049c1   Thumb Code    88  rt_event.o(i.rt_evt_set)
    rt_evt_wait                              0x08004a1d   Thumb Code    56  rt_event.o(i.rt_evt_wait)
    rt_free_box                              0x08004a59   Thumb Code    44  rt_membox.o(i.rt_free_box)
    rt_free_mem                              0x08004a85   Thumb Code    40  rt_memory.o(i.rt_free_mem)
    rt_get_first                             0x08004aad   Thumb Code    40  rt_list.o(i.rt_get_first)
    rt_init_mem                              0x08004b25   Thumb Code    26  rt_memory.o(i.rt_init_mem)
    rt_init_robin                            0x08004b41   Thumb Code    14  rt_robin.o(i.rt_init_robin)
    rt_init_stack                            0x08004b59   Thumb Code   118  hal_cm.o(i.rt_init_stack)
    rt_mbx_check                             0x08004bd9   Thumb Code     8  rt_mailbox.o(i.rt_mbx_check)
    rt_mbx_init                              0x08004be1   Thumb Code    26  rt_mailbox.o(i.rt_mbx_init)
    rt_mbx_psh                               0x08004bfd   Thumb Code   236  rt_mailbox.o(i.rt_mbx_psh)
    rt_mbx_wait                              0x08004ced   Thumb Code   174  rt_mailbox.o(i.rt_mbx_wait)
    rt_pop_req                               0x08004de5   Thumb Code   112  rt_system.o(i.rt_pop_req)
    rt_psh_req                               0x08004e61   Thumb Code    22  rt_system.o(i.rt_psh_req)
    rt_psq_enq                               0x08004e81   Thumb Code    88  rt_list.o(i.rt_psq_enq)
    rt_put_dly                               0x08004edd   Thumb Code    68  rt_list.o(i.rt_put_dly)
    rt_put_prio                              0x08004f25   Thumb Code    54  rt_list.o(i.rt_put_prio)
    rt_put_rdy_first                         0x08004f5d   Thumb Code    14  rt_list.o(i.rt_put_rdy_first)
    rt_resort_prio                           0x08004f71   Thumb Code    46  rt_list.o(i.rt_resort_prio)
    rt_ret_val                               0x08004fb5   Thumb Code    12  hal_cm.o(i.rt_ret_val)
    rt_ret_val2                              0x08004fc1   Thumb Code    16  hal_cm.o(i.rt_ret_val2)
    rt_rmv_dly                               0x08004fd1   Thumb Code    40  rt_list.o(i.rt_rmv_dly)
    rt_rmv_list                              0x08004ff9   Thumb Code    44  rt_list.o(i.rt_rmv_list)
    rt_sem_psh                               0x08005029   Thumb Code    48  rt_semaphore.o(i.rt_sem_psh)
    rt_stk_check                             0x0800505d   Thumb Code    28  rt_system.o(i.rt_stk_check)
    rt_switch_req                            0x08005081   Thumb Code    30  rt_task.o(i.rt_switch_req)
    rt_sys_init                              0x080050a9   Thumb Code   138  rt_task.o(i.rt_sys_init)
    rt_sys_start                             0x08005175   Thumb Code   110  rt_task.o(i.rt_sys_start)
    rt_systick                               0x080051ed   Thumb Code    50  rt_system.o(i.rt_systick)
    rt_tsk_create                            0x08005275   Thumb Code   118  rt_task.o(i.rt_tsk_create)
    rt_tsk_delete                            0x080052fd   Thumb Code   352  rt_task.o(i.rt_tsk_delete)
    rt_tsk_prio                              0x08005479   Thumb Code   108  rt_task.o(i.rt_tsk_prio)
    rt_tsk_self                              0x080054f5   Thumb Code    12  rt_task.o(i.rt_tsk_self)
    segments_configure                       0x08005505   Thumb Code   116  segments.o(i.segments_configure)
    sqrt                                     0x08005585   Thumb Code   110  sqrt.o(i.sqrt)
    start_Accel_thread                       0x080055f5   Thumb Code    18  accel_thread.o(i.start_Accel_thread)
    start_LED_thread                         0x08005611   Thumb Code    18  led_thread.o(i.start_LED_thread)
    start_mouse_control_thread               0x0800562d   Thumb Code    18  mouse_control_thread.o(i.start_mouse_control_thread)
    start_mouse_thread                       0x08005649   Thumb Code    18  mouse_thread.o(i.start_mouse_thread)
    svcDelay                                 0x08005665   Thumb Code    18  rt_cmsis.o(i.svcDelay)
    svcKernelInitialize                      0x08005679   Thumb Code    80  rt_cmsis.o(i.svcKernelInitialize)
    svcKernelStart                           0x080056e9   Thumb Code    62  rt_cmsis.o(i.svcKernelStart)
    svcMessageCreate                         0x08005731   Thumb Code    36  rt_cmsis.o(i.svcMessageCreate)
    svcMessageGet                            0x08005755   Thumb Code    58  rt_cmsis.o(i.svcMessageGet)
    svcSignalSet                             0x0800578f   Thumb Code    36  rt_cmsis.o(i.svcSignalSet)
    svcSignalWait                            0x080057b5   Thumb Code    80  rt_cmsis.o(i.svcSignalWait)
    svcThreadCreate                          0x08005809   Thumb Code   100  rt_cmsis.o(i.svcThreadCreate)
    svcThreadGetId                           0x08005879   Thumb Code    22  rt_cmsis.o(i.svcThreadGetId)
    svcThreadTerminate                       0x08005895   Thumb Code    50  rt_cmsis.o(i.svcThreadTerminate)
    svcTimerCall                             0x080058cd   Thumb Code    24  rt_cmsis.o(i.svcTimerCall)
    sysTimerTick                             0x080058e5   Thumb Code    84  rt_cmsis.o(i.sysTimerTick)
    timer_configure                          0x08005941   Thumb Code    92  timer.o(i.timer_configure)
    update_mouse_state                       0x080059a9   Thumb Code    32  mouse_thread.o(i.update_mouse_state)
    os_thread_def_LED_thread                 0x080059d0   Data          16  led_thread.o(.constdata)
    os_thread_def_mouse_thread               0x080059e0   Data          16  mouse_thread.o(.constdata)
    os_thread_def_mouse_control_thread       0x080059f0   Data          16  mouse_control_thread.o(.constdata)
    os_thread_def_Accel_thread               0x08005a00   Data          16  accel_thread.o(.constdata)
    os_maxtaskrun                            0x08005a10   Data           2  rtx_conf_cm.o(.constdata)
    os_stackinfo                             0x08005a14   Data           4  rtx_conf_cm.o(.constdata)
    os_rrobin                                0x08005a18   Data           4  rtx_conf_cm.o(.constdata)
    os_tickfreq                              0x08005a1c   Data           4  rtx_conf_cm.o(.constdata)
    os_tickus_i                              0x08005a20   Data           2  rtx_conf_cm.o(.constdata)
    os_tickus_f                              0x08005a22   Data           2  rtx_conf_cm.o(.constdata)
    os_trv                                   0x08005a24   Data           4  rtx_conf_cm.o(.constdata)
    os_flags                                 0x08005a28   Data           1  rtx_conf_cm.o(.constdata)
    CMSIS_RTOS_API_Version                   0x08005a2c   Data           4  rtx_conf_cm.o(.constdata)
    CMSIS_RTOS_RTX_Version                   0x08005a30   Data           4  rtx_conf_cm.o(.constdata)
    os_clockrate                             0x08005a34   Data           4  rtx_conf_cm.o(.constdata)
    os_timernum                              0x08005a38   Data           4  rtx_conf_cm.o(.constdata)
    mp_tcb_size                              0x08005a3c   Data           2  rtx_conf_cm.o(.constdata)
    mp_stk_size                              0x08005a40   Data           4  rtx_conf_cm.o(.constdata)
    os_stack_sz                              0x08005a44   Data           4  rtx_conf_cm.o(.constdata)
    os_fifo_size                             0x08005a48   Data           1  rtx_conf_cm.o(.constdata)
    os_thread_def_osTimerThread              0x08005a4c   Data          16  rtx_conf_cm.o(.constdata)
    os_messageQ_def_osTimerMessageQ          0x08005a5c   Data           8  rtx_conf_cm.o(.constdata)
    mp_tmr_size                              0x08005a64   Data           2  rtx_conf_cm.o(.constdata)
    os_thread_def_main                       0x08005a68   Data          16  rtx_conf_cm.o(.constdata)
    APBAHBPrescTable                         0x08005a78   Data          16  stm32f4xx_hal_rcc.o(.constdata)
    Region$$Table$$Base                      0x08005b70   Number         0  anon$$obj.o(Region$$Table)
    Region$$Table$$Limit                     0x08005b90   Number         0  anon$$obj.o(Region$$Table)
    LED_thread_ID                            0x20000000   Data           4  led_thread.o(.data)
    led_state                                0x20000004   Data           1  led_thread.o(.data)
    mouse_thread_ID                          0x20000008   Data           4  mouse_thread.o(.data)
    transmision_message                      0x2000000c   Data           5  mouse_thread.o(.data)
    transmission_num                         0x20000011   Data           1  mouse_thread.o(.data)
    outOfOrderPackets                        0x20000012   Data           1  mouse_thread.o(.data)
    mouse_control_thread_ID                  0x20000014   Data           4  mouse_control_thread.o(.data)
    leftFlag                                 0x20000018   Data           1  mouse_control_thread.o(.data)
    rightFlag                                0x20000019   Data           1  mouse_control_thread.o(.data)
    middleFlag                               0x2000001a   Data           1  mouse_control_thread.o(.data)
    scrollUpFlag                             0x2000001b   Data           1  mouse_control_thread.o(.data)
    scrollDownFlag                           0x2000001c   Data           1  mouse_control_thread.o(.data)
    Accel_thread_ID                          0x20000020   Data           4  accel_thread.o(.data)
    pitch_value                              0x20000024   Data           4  accel_thread.o(.data)
    roll_value                               0x20000028   Data           4  accel_thread.o(.data)
    PinCol1                                  0x2000002c   Data           1  keypad.o(.data)
    PinCol2                                  0x2000002d   Data           1  keypad.o(.data)
    PinCol3                                  0x2000002e   Data           1  keypad.o(.data)
    PinCol4                                  0x2000002f   Data           1  keypad.o(.data)
    PinRow1                                  0x20000030   Data           1  keypad.o(.data)
    PinRow2                                  0x20000031   Data           1  keypad.o(.data)
    PinRow3                                  0x20000032   Data           1  keypad.o(.data)
    PinRow4                                  0x20000033   Data           1  keypad.o(.data)
    tim_counter                              0x20000034   Data           4  timer.o(.data)
    aTxBuffer                                0x20000038   Data         116  cc2500.o(.data)
    CC2500_Timeout                           0x200000ac   Data           2  cc2500.o(.data)
    LIS3DSHTimeout                           0x200000b0   Data           4  lis3dsh.o(.data)
    osThreadId_osTimerThread                 0x200000b4   Data           4  rtx_conf_cm.o(.data)
    osMessageQId_osTimerMessageQ             0x200000b8   Data           4  rtx_conf_cm.o(.data)
    os_tmr                                   0x200000bc   Data           4  rtx_conf_cm.o(.data)
    m_tmr                                    0x200000c0   Data           4  rtx_conf_cm.o(.data)
    uwTick                                   0x200000e4   Data           4  stm32f4xx_hal.o(.data)
    SystemCoreClock                          0x200000e8   Data           4  system_stm32f4xx.o(.data)
    os_initialized                           0x200000ec   Data           1  rt_cmsis.o(.data)
    os_running                               0x200000ed   Data           1  rt_cmsis.o(.data)
    os_timer_head                            0x200000f0   Data           4  rt_cmsis.o(.data)
    os_tsk                                   0x200000f4   Data           8  rt_task.o(.data)
    os_tick_irqn                             0x20000100   Data           4  rt_system.o(.data)
    os_time                                  0x20000104   Data           4  rt_time.o(.data)
    dbg_msg                                  0x20000108   Data           1  hal_cm.o(.data)
    os_robin                                 0x2000010c   Data           8  rt_robin.o(.data)
    __stdout                                 0x20000114   Data           4  stdout.o(.data)
    accel_data                               0x2000011c   Data          12  accelerometer.o(.bss)
    ksx                                      0x20000128   Data          28  accelerometer.o(.bss)
    ksy                                      0x20000144   Data          28  accelerometer.o(.bss)
    ksz                                      0x20000160   Data          28  accelerometer.o(.bss)
    accel                                    0x2000017c   Data          12  accelerometer.o(.bss)
    TIM3_handle                              0x20000188   Data          60  timer.o(.bss)
    SpiHandleCC2500                          0x200001c4   Data          88  cc2500.o(.bss)
    aRxBuffer                                0x2000021c   Data         115  cc2500.o(.bss)
    SpiHandle                                0x20000290   Data          88  lis3dsh.o(.bss)
    mp_tcb                                   0x200002e8   Data         584  rtx_conf_cm.o(.bss)
    mp_stk                                   0x20000530   Data        3088  rtx_conf_cm.o(.bss)
    os_stack_mem                             0x20001140   Data        2824  rtx_conf_cm.o(.bss)
    os_fifo                                  0x20001c48   Data         132  rtx_conf_cm.o(.bss)
    os_active_TCB                            0x20001ccc   Data          44  rtx_conf_cm.o(.bss)
    os_messageQ_q_osTimerMessageQ            0x20001cf8   Data          32  rtx_conf_cm.o(.bss)
    os_idle_TCB                              0x20001db8   Data          52  rt_task.o(.bss)
    os_rdy                                   0x20001dec   Data          24  rt_list.o(.bss)
    os_dly                                   0x20001e04   Data          24  rt_list.o(.bss)
    __initial_sp                             0x20002220   Data           0  startup_stm32f407xx.o(STACK)



==============================================================================

Memory Map of the image

  Image Entry point : 0x08000345

  Load Region LR_1 (Base: 0x08000000, Size: 0x00005cac, Max: 0xffffffff, ABSOLUTE)

    Execution Region ER_RO (Base: 0x08000000, Size: 0x00005b90, Max: 0xffffffff, ABSOLUTE)

    Base Addr    Size         Type   Attr      Idx    E Section Name        Object

    0x08000000   0x00000188   Data   RO         4902    RESET               startup_stm32f407xx.o
    0x08000188   0x00000000   Code   RO         6740  * .ARM.Collect$$$$00000000  mc_w.l(entry.o)
    0x08000188   0x00000004   Code   RO         7051    .ARM.Collect$$$$00000001  mc_w.l(entry2.o)
    0x0800018c   0x00000004   Code   RO         7054    .ARM.Collect$$$$00000004  mc_w.l(entry5.o)
    0x08000190   0x00000000   Code   RO         7056    .ARM.Collect$$$$00000008  mc_w.l(entry7b.o)
    0x08000190   0x00000000   Code   RO         7058    .ARM.Collect$$$$0000000A  mc_w.l(entry8b.o)
    0x08000190   0x00000000   Code   RO         7059    .ARM.Collect$$$$0000000D  mc_w.l(entry10a.o)
    0x08000190   0x00000000   Code   RO         7061    .ARM.Collect$$$$0000000F  mc_w.l(entry11a.o)
    0x08000190   0x00000018   Code   RO         1211    .ARM.Collect$$$$000000FF  rtx_conf_cm.o
    0x080001a8   0x00000004   Code   RO         7052    .ARM.Collect$$$$00002712  mc_w.l(entry2.o)
    0x080001ac   0x00000198   Code   RO         6687    .emb_text           RTX_CM4.lib(hal_cm4.o)
    0x08000344   0x00000024   Code   RO         4903  * .text               startup_stm32f407xx.o
    0x08000368   0x00000024   Code   RO         6753    .text               mc_w.l(memseta.o)
    0x0800038c   0x0000014e   Code   RO         7017    .text               mf_w.l(dadd.o)
    0x080004da   0x000000e4   Code   RO         7019    .text               mf_w.l(dmul.o)
    0x080005be   0x000000de   Code   RO         7021    .text               mf_w.l(ddiv.o)
    0x0800069c   0x00000026   Code   RO         7023    .text               mf_w.l(f2d.o)
    0x080006c2   0x00000038   Code   RO         7025    .text               mf_w.l(d2f.o)
    0x080006fa   0x0000001e   Code   RO         7065    .text               mc_w.l(llshl.o)
    0x08000718   0x00000020   Code   RO         7067    .text               mc_w.l(llushr.o)
    0x08000738   0x00000024   Code   RO         7069    .text               mc_w.l(llsshr.o)
    0x0800075c   0x00000000   Code   RO         7078    .text               mc_w.l(iusefp.o)
    0x0800075c   0x0000006e   Code   RO         7079    .text               mf_w.l(fepilogue.o)
    0x080007ca   0x000000ba   Code   RO         7081    .text               mf_w.l(depilogue.o)
    0x08000884   0x000000a2   Code   RO         7085    .text               mf_w.l(dsqrt.o)
    0x08000926   0x00000002   PAD
    0x08000928   0x00000024   Code   RO         7093    .text               mc_w.l(init.o)
    0x0800094c   0x00000004   Code   RO         6697    SVC_TABLE           RTX_CM4.lib(svc_table.o)
    0x08000950   0x00000018   Code   RO          496    i.Accel_interrupt_handler  accel_thread.o
    0x08000968   0x00000034   Code   RO          497    i.Accel_thread      accel_thread.o
    0x0800099c   0x00000004   Code   RO          245    i.BusFault_Handler  stm32f4xx_it.o
    0x080009a0   0x00000040   Code   RO          893    i.CC2500_CommandStrobe  cc2500.o
    0x080009e0   0x000000d0   Code   RO          894    i.CC2500_HAL_SPI_MspInit  cc2500.o
    0x08000ab0   0x00000050   Code   RO          896    i.CC2500_ReadRegister  cc2500.o
    0x08000b00   0x00000012   Code   RO          897    i.CC2500_ReadState  cc2500.o
    0x08000b12   0x0000000a   Code   RO          899    i.CC2500_SPI_ReceiveData  cc2500.o
    0x08000b1c   0x00000078   Code   RO          900    i.CC2500_SPI_SendByte  cc2500.o
    0x08000b94   0x00000006   Code   RO          901    i.CC2500_SPI_SendData  cc2500.o
    0x08000b9a   0x00000002   PAD
    0x08000b9c   0x0000008c   Code   RO          902    i.CC2500_SPI_init   cc2500.o
    0x08000c28   0x0000002c   Code   RO          903    i.CC2500_SPI_read   cc2500.o
    0x08000c54   0x00000014   Code   RO          904    i.CC2500_SPI_strobe  cc2500.o
    0x08000c68   0x0000002a   Code   RO          905    i.CC2500_SPI_write  cc2500.o
    0x08000c92   0x00000024   Code   RO          906    i.CC2500_SendPacket  cc2500.o
    0x08000cb6   0x00000006   Code   RO          907    i.CC2500_Timeout_Error_Handler  cc2500.o
    0x08000cbc   0x0000004c   Code   RO          908    i.CC2500_WriteBufferToTXFIFO  cc2500.o
    0x08000d08   0x00000058   Code   RO          909    i.CC2500_WriteRegister  cc2500.o
    0x08000d60   0x00000018   Code   RO          910    i.CC2500_configure  cc2500.o
    0x08000d78   0x000001b4   Code   RO          911    i.CC2500_settings_configure  cc2500.o
    0x08000f2c   0x0000002a   Code   RO          914    i.CC2500_stateTX    cc2500.o
    0x08000f56   0x0000007e   Code   RO          915    i.CC2500_testing    cc2500.o
    0x08000fd4   0x00000002   Code   RO          246    i.DebugMon_Handler  stm32f4xx_it.o
    0x08000fd6   0x0000000a   Code   RO          247    i.EXTI0_IRQHandler  stm32f4xx_it.o
    0x08000fe0   0x00000180   Code   RO          230    i.Error_Handler     supporting_functions.o
    0x08001160   0x00000004   Code   RO          916    i.Error_Handler     cc2500.o
    0x08001164   0x00000012   Code   RO          539    i.HAL_GPIO_EXTI_Callback  accelerometer.o
    0x08001176   0x00000002   PAD
    0x08001178   0x0000001c   Code   RO         2250    i.HAL_GPIO_EXTI_IRQHandler  stm32f4xx_hal_gpio.o
    0x08001194   0x0000020c   Code   RO         2251    i.HAL_GPIO_Init     stm32f4xx_hal_gpio.o
    0x080013a0   0x00000010   Code   RO         2253    i.HAL_GPIO_ReadPin  stm32f4xx_hal_gpio.o
    0x080013b0   0x0000000c   Code   RO         2255    i.HAL_GPIO_WritePin  stm32f4xx_hal_gpio.o
    0x080013bc   0x0000000c   Code   RO         1564    i.HAL_GetTick       stm32f4xx_hal.o
    0x080013c8   0x0000003c   Code   RO         1566    i.HAL_Init          stm32f4xx_hal.o
    0x08001404   0x00000028   Code   RO         1567    i.HAL_InitTick      stm32f4xx_hal.o
    0x0800142c   0x00000002   Code   RO         1569    i.HAL_MspInit       stm32f4xx_hal.o
    0x0800142e   0x00000020   Code   RO         1976    i.HAL_NVIC_EnableIRQ  stm32f4xx_hal_cortex.o
    0x0800144e   0x0000007c   Code   RO         1982    i.HAL_NVIC_SetPriority  stm32f4xx_hal_cortex.o
    0x080014ca   0x00000002   PAD
    0x080014cc   0x00000028   Code   RO         1983    i.HAL_NVIC_SetPriorityGrouping  stm32f4xx_hal_cortex.o
    0x080014f4   0x000001d0   Code   RO         2489    i.HAL_RCC_ClockConfig  stm32f4xx_hal_rcc.o
    0x080016c4   0x000000b4   Code   RO         2498    i.HAL_RCC_GetSysClockFreq  stm32f4xx_hal_rcc.o
    0x08001778   0x0000039c   Code   RO         2501    i.HAL_RCC_OscConfig  stm32f4xx_hal_rcc.o
    0x08001b14   0x00000036   Code   RO         2996    i.HAL_SPI_DeInit    stm32f4xx_hal_spi.o
    0x08001b4a   0x000000a0   Code   RO         3001    i.HAL_SPI_Init      stm32f4xx_hal_spi.o
    0x08001bea   0x00000002   Code   RO         3002    i.HAL_SPI_MspDeInit  stm32f4xx_hal_spi.o
    0x08001bec   0x000000ec   Code   RO         1070    i.HAL_SPI_MspInit   lis3dsh.o
    0x08001cd8   0x00000034   Code   RO         1987    i.HAL_SYSTICK_Config  stm32f4xx_hal_cortex.o
    0x08001d0c   0x00000002   Code   RO         4043    i.HAL_TIMEx_BreakCallback  stm32f4xx_hal_tim_ex.o
    0x08001d0e   0x00000002   Code   RO         4044    i.HAL_TIMEx_CommutationCallback  stm32f4xx_hal_tim_ex.o
    0x08001d10   0x00000034   Code   RO         3404    i.HAL_TIM_Base_Init  stm32f4xx_hal_tim.o
    0x08001d44   0x00000002   Code   RO         3406    i.HAL_TIM_Base_MspInit  stm32f4xx_hal_tim.o
    0x08001d46   0x0000001e   Code   RO         3409    i.HAL_TIM_Base_Start_IT  stm32f4xx_hal_tim.o
    0x08001d64   0x00000002   Code   RO         3433    i.HAL_TIM_IC_CaptureCallback  stm32f4xx_hal_tim.o
    0x08001d66   0x00000196   Code   RO         3446    i.HAL_TIM_IRQHandler  stm32f4xx_hal_tim.o
    0x08001efc   0x00000002   Code   RO         3449    i.HAL_TIM_OC_DelayElapsedCallback  stm32f4xx_hal_tim.o
    0x08001efe   0x00000002   Code   RO         3476    i.HAL_TIM_PWM_PulseFinishedCallback  stm32f4xx_hal_tim.o
    0x08001f00   0x00000050   Code   RO          858    i.HAL_TIM_PeriodElapsedCallback  timer.o
    0x08001f50   0x00000002   Code   RO         3487    i.HAL_TIM_TriggerCallback  stm32f4xx_hal_tim.o
    0x08001f52   0x00000004   Code   RO          248    i.HardFault_Handler  stm32f4xx_it.o
    0x08001f56   0x000000b2   Code   RO          636    i.Kalmanfilter_C_1d  kalman.o
    0x08002008   0x00000018   Code   RO          339    i.LED_thread        led_thread.o
    0x08002020   0x00000014   Code   RO          340    i.LED_thread_signal  led_thread.o
    0x08002034   0x0000002a   Code   RO         1072    i.LIS3DSH_DataReadyInterruptConfig  lis3dsh.o
    0x0800205e   0x00000002   PAD
    0x08002060   0x000000dc   Code   RO         1074    i.LIS3DSH_Init      lis3dsh.o
    0x0800213c   0x0000004c   Code   RO         1076    i.LIS3DSH_Read      lis3dsh.o
    0x08002188   0x000001c0   Code   RO         1077    i.LIS3DSH_ReadACC   lis3dsh.o
    0x08002348   0x00000074   Code   RO         1078    i.LIS3DSH_SendByte  lis3dsh.o
    0x080023bc   0x00000004   Code   RO         1079    i.LIS3DSH_TIMEOUT_UserCallback  lis3dsh.o
    0x080023c0   0x00000044   Code   RO         1080    i.LIS3DSH_Write     lis3dsh.o
    0x08002404   0x00000004   Code   RO          249    i.MemManage_Handler  stm32f4xx_it.o
    0x08002408   0x00000002   Code   RO          250    i.NMI_Handler       stm32f4xx_it.o
    0x0800240a   0x0000001a   Code   RO         1253    i.OTG_FS_IRQHandler  otg_fs_stm32f4xx.o
    0x08002424   0x0000000a   Code   RO         1081    i.SPI_ReceiveData   lis3dsh.o
    0x0800242e   0x00000006   Code   RO         1082    i.SPI_SendData      lis3dsh.o
    0x08002434   0x000000a8   Code   RO          315    i.SystemClock_Config  sysclk_config.o
    0x080024dc   0x00000064   Code   RO         4911    i.SystemInit        system_stm32f4xx.o
    0x08002540   0x00000010   Code   RO          251    i.TIM3_IRQHandler   stm32f4xx_it.o
    0x08002550   0x000000e4   Code   RO         3488    i.TIM_Base_SetConfig  stm32f4xx_hal_tim.o
    0x08002634   0x00000028   Code   RO         1330    i.USBD_DeviceSetAddress  usbd_fs_stm32f4xx.o
    0x0800265c   0x000000bc   Code   RO         1332    i.USBD_EndpointReadSet  usbd_fs_stm32f4xx.o
    0x08002718   0x00000624   Code   RO         1338    i.USBD_FS_IRQ       usbd_fs_stm32f4xx.o
    0x08002d3c   0x0000003c   Code   RO         1339    i.USBD_FlushInEpFifo  usbd_fs_stm32f4xx.o
    0x08002d78   0x0000001c   Code   RO         1341    i.USBD_GetFrameNumber  usbd_fs_stm32f4xx.o
    0x08002d94   0x000000e0   Code   RO         1345    i.USBD_ReadFromFifo  usbd_fs_stm32f4xx.o
    0x08002e74   0x000000f8   Code   RO         1347    i.USBD_Reset        usbd_fs_stm32f4xx.o
    0x08002f6c   0x00000100   Code   RO         1349    i.USBD_WriteToFifo  usbd_fs_stm32f4xx.o
    0x0800306c   0x00000004   Code   RO          252    i.UsageFault_Handler  stm32f4xx_it.o
    0x08003070   0x00000010   Code   RO         6758    i.__0printf$bare    mc_w.l(printfb.o)
    0x08003080   0x00000030   Code   RO         7047    i.__ARM_fpclassify  m_wm.l(fpclassify.o)
    0x080030b0   0x00000010   Code   RO         1989    i.__NVIC_GetPriorityGrouping  stm32f4xx_hal_cortex.o
    0x080030c0   0x00000028   Code   RO         1990    i.__NVIC_SetPriority  stm32f4xx_hal_cortex.o
    0x080030e8   0x00000358   Code   RO         6700    i.__hardfp_acos     m_wm.l(acos.o)
    0x08003440   0x000002d8   Code   RO         6714    i.__hardfp_atan     m_wm.l(atan.o)
    0x08003718   0x0000007a   Code   RO         6728    i.__hardfp_sqrt     m_wm.l(sqrt.o)
    0x08003792   0x000000f8   Code   RO         7049    i.__kernel_poly     m_wm.l(poly.o)
    0x0800388a   0x00000014   Code   RO         7028    i.__mathlib_dbl_infnan  m_wm.l(dunder.o)
    0x0800389e   0x00000002   PAD
    0x080038a0   0x00000020   Code   RO         7030    i.__mathlib_dbl_invalid  m_wm.l(dunder.o)
    0x080038c0   0x00000020   Code   RO         7033    i.__mathlib_dbl_underflow  m_wm.l(dunder.o)
    0x080038e0   0x0000000e   Code   RO         7096    i.__scatterload_copy  mc_w.l(handlers.o)
    0x080038ee   0x00000002   Code   RO         7097    i.__scatterload_null  mc_w.l(handlers.o)
    0x080038f0   0x0000000e   Code   RO         7098    i.__scatterload_zeroinit  mc_w.l(handlers.o)
    0x080038fe   0x00000002   PAD
    0x08003900   0x0000000c   Code   RO         7073    i.__set_errno       mc_w.l(errno.o)
    0x0800390c   0x00000046   Code   RO         6527    i._init_box         RTX_CM4.lib(rt_membox.o)
    0x08003952   0x00000022   Code   RO         6765    i._printf_core      mc_w.l(printfb.o)
    0x08003974   0x00000044   Code   RO          540    i.accel_kalman_config  accelerometer.o
    0x080039b8   0x00000058   Code   RO          541    i.accelerometer_config  accelerometer.o
    0x08003a10   0x00000090   Code   RO          542    i.accelerometer_get_pitch_angle  accelerometer.o
    0x08003aa0   0x00000090   Code   RO          543    i.accelerometer_get_roll_angle  accelerometer.o
    0x08003b30   0x00000010   Code   RO          544    i.accelerometer_read  accelerometer.o
    0x08003b40   0x000002c4   Code   RO          545    i.accelerometer_update  accelerometer.o
    0x08003e04   0x00000080   Code   RO          342    i.alert_led_toggle  led_thread.o
    0x08003e84   0x000000ac   Code   RO          546    i.convert_and_clamp_angle  accelerometer.o
    0x08003f30   0x00000030   Code   RO         6580    i.dbg_init          RTX_CM4.lib(hal_cm.o)
    0x08003f60   0x00000020   Code   RO         6581    i.dbg_task_notify   RTX_CM4.lib(hal_cm.o)
    0x08003f80   0x00000010   Code   RO         6582    i.dbg_task_switch   RTX_CM4.lib(hal_cm.o)
    0x08003f90   0x00000018   Code   RO         7043    i.fabs              m_wm.l(fabs.o)
    0x08003fa8   0x00000038   Code   RO          611    i.fputc             fput_debug.o
    0x08003fe0   0x0000004c   Code   RO          449    i.getNormalizedMovementFromAngle  mouse_control_thread.o
    0x0800402c   0x0000003c   Code   RO          637    i.init_kalman_1d    kalman.o
    0x08004068   0x0000002a   Code   RO         5278    i.isrMessageGet     RTX_CM4.lib(rt_cmsis.o)
    0x08004092   0x0000002c   Code   RO         5279    i.isrMessagePut     RTX_CM4.lib(rt_cmsis.o)
    0x080040be   0x00000024   Code   RO         5281    i.isrSignalSet      RTX_CM4.lib(rt_cmsis.o)
    0x080040e2   0x00000002   PAD
    0x080040e4   0x00000028   Code   RO         6251    i.isr_evt_set       RTX_CM4.lib(rt_event.o)
    0x0800410c   0x00000056   Code   RO         6373    i.isr_mbx_receive   RTX_CM4.lib(rt_mailbox.o)
    0x08004162   0x0000000e   Code   RO         6374    i.isr_mbx_send      RTX_CM4.lib(rt_mailbox.o)
    0x08004170   0x00000048   Code   RO          660    i.keypad_configure  keypad.o
    0x080041b8   0x00000034   Code   RO          661    i.keypad_poll_column  keypad.o
    0x080041ec   0x0000002c   Code   RO          662    i.keypad_poll_row   keypad.o
    0x08004218   0x000001a8   Code   RO          663    i.keypad_read       keypad.o
    0x080043c0   0x0000002a   Code   RO          664    i.keypad_read_debounce  keypad.o
    0x080043ea   0x00000002   PAD
    0x080043ec   0x0000004c   Code   RO          711    i.led_configure     led.o
    0x08004438   0x00000014   Code   RO          712    i.led_toggle_led_off  led.o
    0x0800444c   0x00000014   Code   RO          713    i.led_toggle_led_on  led.o
    0x08004460   0x0000004a   Code   RO            4    i.main              main.o
    0x080044aa   0x00000002   PAD
    0x080044ac   0x00000104   Code   RO          450    i.mouse_control_thread  mouse_control_thread.o
    0x080045b0   0x00000020   Code   RO          451    i.mouse_control_tim_elapsed_handler  mouse_control_thread.o
    0x080045d0   0x00000028   Code   RO          391    i.mouse_thread      mouse_thread.o
    0x080045f8   0x00000020   Code   RO          392    i.mouse_tim_elapsed_handler  mouse_thread.o
    0x08004618   0x00000018   Code   RO         5282    i.osDelay           RTX_CM4.lib(rt_cmsis.o)
    0x08004630   0x00000024   Code   RO         5283    i.osKernelInitialize  RTX_CM4.lib(rt_cmsis.o)
    0x08004654   0x0000006c   Code   RO         5285    i.osKernelStart     RTX_CM4.lib(rt_cmsis.o)
    0x080046c0   0x00000018   Code   RO         5294    i.osMessageGet      RTX_CM4.lib(rt_cmsis.o)
    0x080046d8   0x00000018   Code   RO         5309    i.osSignalSet       RTX_CM4.lib(rt_cmsis.o)
    0x080046f0   0x00000018   Code   RO         5310    i.osSignalWait      RTX_CM4.lib(rt_cmsis.o)
    0x08004708   0x00000030   Code   RO         5311    i.osThreadCreate    RTX_CM4.lib(rt_cmsis.o)
    0x08004738   0x00000018   Code   RO         5312    i.osThreadExit      RTX_CM4.lib(rt_cmsis.o)
    0x08004750   0x0000000c   Code   RO         5318    i.osTimerCall       RTX_CM4.lib(rt_cmsis.o)
    0x0800475c   0x0000002c   Code   RO         5323    i.osTimerThread     RTX_CM4.lib(rt_cmsis.o)
    0x08004788   0x00000022   Code   RO         1212    i.os_error          rtx_conf_cm.o
    0x080047aa   0x00000004   Code   RO         1213    i.os_idle_demon     rtx_conf_cm.o
    0x080047ae   0x00000002   PAD
    0x080047b0   0x00000028   Code   RO         6161    i.os_tick_init      RTX_CM4.lib(rt_system.o)
    0x080047d8   0x00000002   Code   RO         6162    i.os_tick_irqack    RTX_CM4.lib(rt_system.o)
    0x080047da   0x0000001a   Code   RO         6528    i.rt_alloc_box      RTX_CM4.lib(rt_membox.o)
    0x080047f4   0x0000003e   Code   RO         6556    i.rt_alloc_mem      RTX_CM4.lib(rt_memory.o)
    0x08004832   0x00000002   PAD
    0x08004834   0x00000038   Code   RO         6076    i.rt_block          RTX_CM4.lib(rt_task.o)
    0x0800486c   0x00000048   Code   RO         6666    i.rt_chk_robin      RTX_CM4.lib(rt_robin.o)
    0x080048b4   0x00000070   Code   RO         6297    i.rt_dec_dly        RTX_CM4.lib(rt_list.o)
    0x08004924   0x00000044   Code   RO         6077    i.rt_dispatch       RTX_CM4.lib(rt_task.o)
    0x08004968   0x00000006   Code   RO         6463    i.rt_dly_wait       RTX_CM4.lib(rt_time.o)
    0x0800496e   0x00000002   PAD
    0x08004970   0x00000050   Code   RO         6254    i.rt_evt_psh        RTX_CM4.lib(rt_event.o)
    0x080049c0   0x0000005c   Code   RO         6255    i.rt_evt_set        RTX_CM4.lib(rt_event.o)
    0x08004a1c   0x0000003c   Code   RO         6256    i.rt_evt_wait       RTX_CM4.lib(rt_event.o)
    0x08004a58   0x0000002c   Code   RO         6529    i.rt_free_box       RTX_CM4.lib(rt_membox.o)
    0x08004a84   0x00000028   Code   RO         6557    i.rt_free_mem       RTX_CM4.lib(rt_memory.o)
    0x08004aac   0x00000028   Code   RO         6298    i.rt_get_first      RTX_CM4.lib(rt_list.o)
    0x08004ad4   0x00000008   Code   RO         5328    i.rt_id2obj         RTX_CM4.lib(rt_cmsis.o)
    0x08004adc   0x00000048   Code   RO         6078    i.rt_init_context   RTX_CM4.lib(rt_task.o)
    0x08004b24   0x0000001a   Code   RO         6558    i.rt_init_mem       RTX_CM4.lib(rt_memory.o)
    0x08004b3e   0x00000002   PAD
    0x08004b40   0x00000018   Code   RO         6667    i.rt_init_robin     RTX_CM4.lib(rt_robin.o)
    0x08004b58   0x00000080   Code   RO         6583    i.rt_init_stack     RTX_CM4.lib(hal_cm.o)
    0x08004bd8   0x00000008   Code   RO         6375    i.rt_mbx_check      RTX_CM4.lib(rt_mailbox.o)
    0x08004be0   0x0000001a   Code   RO         6376    i.rt_mbx_init       RTX_CM4.lib(rt_mailbox.o)
    0x08004bfa   0x00000002   PAD
    0x08004bfc   0x000000f0   Code   RO         6377    i.rt_mbx_psh        RTX_CM4.lib(rt_mailbox.o)
    0x08004cec   0x000000b4   Code   RO         6379    i.rt_mbx_wait       RTX_CM4.lib(rt_mailbox.o)
    0x08004da0   0x00000044   Code   RO         5329    i.rt_ms2tick        RTX_CM4.lib(rt_cmsis.o)
    0x08004de4   0x0000007c   Code   RO         6165    i.rt_pop_req        RTX_CM4.lib(rt_system.o)
    0x08004e60   0x00000020   Code   RO         6166    i.rt_psh_req        RTX_CM4.lib(rt_system.o)
    0x08004e80   0x0000005c   Code   RO         6300    i.rt_psq_enq        RTX_CM4.lib(rt_list.o)
    0x08004edc   0x00000048   Code   RO         6301    i.rt_put_dly        RTX_CM4.lib(rt_list.o)
    0x08004f24   0x00000036   Code   RO         6302    i.rt_put_prio       RTX_CM4.lib(rt_list.o)
    0x08004f5a   0x00000002   PAD
    0x08004f5c   0x00000014   Code   RO         6303    i.rt_put_rdy_first  RTX_CM4.lib(rt_list.o)
    0x08004f70   0x00000034   Code   RO         6304    i.rt_resort_prio    RTX_CM4.lib(rt_list.o)
    0x08004fa4   0x00000010   Code   RO         6584    i.rt_ret_regs       RTX_CM4.lib(hal_cm.o)
    0x08004fb4   0x0000000c   Code   RO         6585    i.rt_ret_val        RTX_CM4.lib(hal_cm.o)
    0x08004fc0   0x00000010   Code   RO         6586    i.rt_ret_val2       RTX_CM4.lib(hal_cm.o)
    0x08004fd0   0x00000028   Code   RO         6305    i.rt_rmv_dly        RTX_CM4.lib(rt_list.o)
    0x08004ff8   0x00000030   Code   RO         6306    i.rt_rmv_list       RTX_CM4.lib(rt_list.o)
    0x08005028   0x00000034   Code   RO         6424    i.rt_sem_psh        RTX_CM4.lib(rt_semaphore.o)
    0x0800505c   0x00000024   Code   RO         6168    i.rt_stk_check      RTX_CM4.lib(rt_system.o)
    0x08005080   0x00000028   Code   RO         6079    i.rt_switch_req     RTX_CM4.lib(rt_task.o)
    0x080050a8   0x000000cc   Code   RO         6080    i.rt_sys_init       RTX_CM4.lib(rt_task.o)
    0x08005174   0x00000078   Code   RO         6081    i.rt_sys_start      RTX_CM4.lib(rt_task.o)
    0x080051ec   0x00000040   Code   RO         6170    i.rt_systick        RTX_CM4.lib(rt_system.o)
    0x0800522c   0x00000012   Code   RO         5330    i.rt_tid2ptcb       RTX_CM4.lib(rt_cmsis.o)
    0x0800523e   0x00000002   PAD
    0x08005240   0x00000034   Code   RO         5331    i.rt_timer_insert   RTX_CM4.lib(rt_cmsis.o)
    0x08005274   0x00000088   Code   RO         6082    i.rt_tsk_create     RTX_CM4.lib(rt_task.o)
    0x080052fc   0x0000017c   Code   RO         6083    i.rt_tsk_delete     RTX_CM4.lib(rt_task.o)
    0x08005478   0x0000007c   Code   RO         6085    i.rt_tsk_prio       RTX_CM4.lib(rt_task.o)
    0x080054f4   0x00000010   Code   RO         6086    i.rt_tsk_self       RTX_CM4.lib(rt_task.o)
    0x08005504   0x00000080   Code   RO          750    i.segments_configure  segments.o
    0x08005584   0x0000006e   Code   RO         6730    i.sqrt              m_wm.l(sqrt.o)
    0x080055f2   0x00000002   PAD
    0x080055f4   0x0000001c   Code   RO          498    i.start_Accel_thread  accel_thread.o
    0x08005610   0x0000001c   Code   RO          343    i.start_LED_thread  led_thread.o
    0x0800562c   0x0000001c   Code   RO          452    i.start_mouse_control_thread  mouse_control_thread.o
    0x08005648   0x0000001c   Code   RO          395    i.start_mouse_thread  mouse_thread.o
    0x08005664   0x00000012   Code   RO         5333    i.svcDelay          RTX_CM4.lib(rt_cmsis.o)
    0x08005676   0x00000002   PAD
    0x08005678   0x00000070   Code   RO         5334    i.svcKernelInitialize  RTX_CM4.lib(rt_cmsis.o)
    0x080056e8   0x00000048   Code   RO         5336    i.svcKernelStart    RTX_CM4.lib(rt_cmsis.o)
    0x08005730   0x00000024   Code   RO         5339    i.svcMessageCreate  RTX_CM4.lib(rt_cmsis.o)
    0x08005754   0x0000003a   Code   RO         5340    i.svcMessageGet     RTX_CM4.lib(rt_cmsis.o)
    0x0800578e   0x00000024   Code   RO         5352    i.svcSignalSet      RTX_CM4.lib(rt_cmsis.o)
    0x080057b2   0x00000002   PAD
    0x080057b4   0x00000054   Code   RO         5353    i.svcSignalWait     RTX_CM4.lib(rt_cmsis.o)
    0x08005808   0x00000070   Code   RO         5354    i.svcThreadCreate   RTX_CM4.lib(rt_cmsis.o)
    0x08005878   0x0000001c   Code   RO         5355    i.svcThreadGetId    RTX_CM4.lib(rt_cmsis.o)
    0x08005894   0x00000038   Code   RO         5358    i.svcThreadTerminate  RTX_CM4.lib(rt_cmsis.o)
    0x080058cc   0x00000018   Code   RO         5360    i.svcTimerCall      RTX_CM4.lib(rt_cmsis.o)
    0x080058e4   0x0000005c   Code   RO         5369    i.sysTimerTick      RTX_CM4.lib(rt_cmsis.o)
    0x08005940   0x00000068   Code   RO          859    i.timer_configure   timer.o
    0x080059a8   0x00000028   Code   RO          396    i.update_mouse_state  mouse_thread.o
    0x080059d0   0x00000010   Data   RO          344    .constdata          led_thread.o
    0x080059e0   0x00000010   Data   RO          397    .constdata          mouse_thread.o
    0x080059f0   0x00000010   Data   RO          453    .constdata          mouse_control_thread.o
    0x08005a00   0x00000010   Data   RO          499    .constdata          accel_thread.o
    0x08005a10   0x00000068   Data   RO         1215    .constdata          rtx_conf_cm.o
    0x08005a78   0x00000010   Data   RO         2502    .constdata          stm32f4xx_hal_rcc.o
    0x08005a88   0x00000050   Data   RO         6703    .constdata          m_wm.l(acos.o)
    0x08005ad8   0x00000098   Data   RO         6717    .constdata          m_wm.l(atan.o)
    0x08005b70   0x00000020   Data   RO         7095    Region$$Table       anon$$obj.o


    Execution Region ER_RW (Base: 0x20000000, Size: 0x0000011c, Max: 0xffffffff, ABSOLUTE)

    Base Addr    Size         Type   Attr      Idx    E Section Name        Object

    0x20000000   0x00000005   Data   RW          345    .data               led_thread.o
    0x20000005   0x00000003   PAD
    0x20000008   0x0000000b   Data   RW          398    .data               mouse_thread.o
    0x20000013   0x00000001   PAD
    0x20000014   0x00000009   Data   RW          454    .data               mouse_control_thread.o
    0x2000001d   0x00000003   PAD
    0x20000020   0x0000000c   Data   RW          500    .data               accel_thread.o
    0x2000002c   0x00000008   Data   RW          665    .data               keypad.o
    0x20000034   0x00000004   Data   RW          861    .data               timer.o
    0x20000038   0x00000076   Data   RW          919    .data               cc2500.o
    0x200000ae   0x00000002   PAD
    0x200000b0   0x00000004   Data   RW         1084    .data               lis3dsh.o
    0x200000b4   0x00000010   Data   RW         1216    .data               rtx_conf_cm.o
    0x200000c4   0x00000020   Data   RW         1352    .data               usbd_fs_stm32f4xx.o
    0x200000e4   0x00000004   Data   RW         1572    .data               stm32f4xx_hal.o
    0x200000e8   0x00000004   Data   RW         4913    .data               system_stm32f4xx.o
    0x200000ec   0x00000008   Data   RW         5372    .data               RTX_CM4.lib(rt_cmsis.o)
    0x200000f4   0x00000008   Data   RW         6088    .data               RTX_CM4.lib(rt_task.o)
    0x200000fc   0x00000008   Data   RW         6173    .data               RTX_CM4.lib(rt_system.o)
    0x20000104   0x00000004   Data   RW         6467    .data               RTX_CM4.lib(rt_time.o)
    0x20000108   0x00000001   Data   RW         6587    .data               RTX_CM4.lib(hal_cm.o)
    0x20000109   0x00000003   PAD
    0x2000010c   0x00000008   Data   RW         6668    .data               RTX_CM4.lib(rt_robin.o)
    0x20000114   0x00000004   Data   RW         6747    .data               mc_w.l(stdout.o)
    0x20000118   0x00000004   Data   RW         7074    .data               mc_w.l(errno.o)


    Execution Region ER_ZI (Base: 0x2000011c, Size: 0x00002104, Max: 0xffffffff, ABSOLUTE)

    Base Addr    Size         Type   Attr      Idx    E Section Name        Object

    0x2000011c   0x0000006c   Zero   RW          547    .bss                accelerometer.o
    0x20000188   0x0000003c   Zero   RW          860    .bss                timer.o
    0x200001c4   0x000000cb   Zero   RW          918    .bss                cc2500.o
    0x2000028f   0x00000001   PAD
    0x20000290   0x00000058   Zero   RW         1083    .bss                lis3dsh.o
    0x200002e8   0x00001a30   Zero   RW         1214    .bss                rtx_conf_cm.o
    0x20001d18   0x000000a0   Zero   RW         1350    .bss                usbd_fs_stm32f4xx.o
    0x20001db8   0x00000034   Zero   RW         6087    .bss                RTX_CM4.lib(rt_task.o)
    0x20001dec   0x00000030   Zero   RW         6307    .bss                RTX_CM4.lib(rt_list.o)
    0x20001e1c   0x00000004   PAD
    0x20001e20   0x00000400   Zero   RW         4900    STACK               startup_stm32f407xx.o


==============================================================================

Image component sizes


      Code (inc. data)   RO Data    RW Data    ZI Data      Debug   Object Name

       104         22         16         12          0       2886   accel_thread.o
      1358        186          0          0        108       6822   accelerometer.o
      1590         76          0        118        203      14196   cc2500.o
        56          4          0          0          0      28431   fput_debug.o
       238         10          0          0          0       1849   kalman.o
       634         52          0          8          0       4121   keypad.o
       116         18          0          0          0       2253   led.o
       200         20         16          5          0       3306   led_thread.o
      1226        114          0          4         88       7952   lis3dsh.o
        74          0          0          0          0     323489   main.o
       396         72         16          9          0       4125   mouse_control_thread.o
       140         30         16         11          0       3481   mouse_thread.o
        26          0          0          0          0       3280   otg_fs_stm32f4xx.o
        62          6        104         16       6704       7984   rtx_conf_cm.o
       128         12          0          0          0       1478   segments.o
        36          8        392          0       1024        916   startup_stm32f407xx.o
       114         16          0          4          0       3855   stm32f4xx_hal.o
       304         22          0          0          0      32307   stm32f4xx_hal_cortex.o
       580         52          0          0          0       3970   stm32f4xx_hal_gpio.o
      1568         48         16          0          0       4171   stm32f4xx_hal_rcc.o
       216          0          0          0          0       2596   stm32f4xx_hal_spi.o
       726         44          0          0          0       6714   stm32f4xx_hal_tim.o
         4          0          0          0          0       1742   stm32f4xx_hal_tim_ex.o
        46          6          0          0          0       4214   stm32f4xx_it.o
       384        312          0          0          0        660   supporting_functions.o
       168         10          0          0          0       1261   sysclk_config.o
       100         18          0          4          0       1417   system_stm32f4xx.o
       184         20          0          4         60       2212   timer.o
      2616        180          0         32        160       9527   usbd_fs_stm32f4xx.o

    ----------------------------------------------------------------------
     13408       1358        608        236       8348     491215   Object Totals
         0          0         32          0          0          0   (incl. Generated)
        14          0          0          9          1          0   (incl. Padding)

    ----------------------------------------------------------------------

      Code (inc. data)   RO Data    RW Data    ZI Data      Debug   Library Member Name

       268         24          0          1          0       4452   hal_cm.o
       408         34          0          0          0        816   hal_cm4.o
      1364        162          0          8          0      38474   rt_cmsis.o
       272         18          0          0          0       2810   rt_event.o
       530         34          0          0         48       8597   rt_list.o
       554         10          0          0          0       4189   rt_mailbox.o
       140          0          0          0          0       2045   rt_membox.o
       128          0          0          0          0       2419   rt_memory.o
        96         22          0          8          0       1230   rt_robin.o
        52          4          0          0          0        613   rt_semaphore.o
       298         52          0          8          0       6439   rt_system.o
      1216        174          0          8         52      10025   rt_task.o
         6          0          0          4          0        684   rt_time.o
         4          4          0          0          0        200   svc_table.o
       856        118         80          0          0        288   acos.o
       728        106        152          0          0        228   atan.o
        84         16          0          0          0        372   dunder.o
        24          0          0          0          0        124   fabs.o
        48          0          0          0          0        124   fpclassify.o
       248          0          0          0          0        152   poly.o
       232          0          0          0          0        296   sqrt.o
         0          0          0          0          0          0   entry.o
         0          0          0          0          0          0   entry10a.o
         0          0          0          0          0          0   entry11a.o
         8          4          0          0          0          0   entry2.o
         4          0          0          0          0          0   entry5.o
         0          0          0          0          0          0   entry7b.o
         0          0          0          0          0          0   entry8b.o
        12          6          0          4          0         68   errno.o
        30          0          0          0          0          0   handlers.o
        36          8          0          0          0         68   init.o
         0          0          0          0          0          0   iusefp.o
        30          0          0          0          0         68   llshl.o
        36          0          0          0          0         68   llsshr.o
        32          0          0          0          0         68   llushr.o
        36          0          0          0          0        108   memseta.o
        50          8          0          0          0        152   printfb.o
         0          0          0          4          0          0   stdout.o
        56          0          0          0          0         88   d2f.o
       334          0          0          0          0        148   dadd.o
       222          0          0          0          0        100   ddiv.o
       186          0          0          0          0        176   depilogue.o
       228          0          0          0          0         96   dmul.o
       162          0          0          0          0        100   dsqrt.o
        38          0          0          0          0         68   f2d.o
       110          0          0          0          0        168   fepilogue.o

    ----------------------------------------------------------------------
      9192        804        232         48        104      86121   Library Totals
        26          0          0          3          4          0   (incl. Padding)

    ----------------------------------------------------------------------

      Code (inc. data)   RO Data    RW Data    ZI Data      Debug   Library Name

      5336        538          0         37        100      82993   RTX_CM4.lib
      2220        240        232          0          0       1584   m_wm.l
       274         26          0          8          0        600   mc_w.l
      1336          0          0          0          0        944   mf_w.l

    ----------------------------------------------------------------------
      9192        804        232         48        104      86121   Library Totals

    ----------------------------------------------------------------------

==============================================================================


      Code (inc. data)   RO Data    RW Data    ZI Data      Debug   

     22600       2162        840        284       8452     556764   Grand Totals
     22600       2162        840        284       8452     556764   ELF Image Totals
     22600       2162        840        284          0          0   ROM Totals

==============================================================================

    Total RO  Size (Code + RO Data)                23440 (  22.89kB)
    Total RW  Size (RW Data + ZI Data)              8736 (   8.53kB)
    Total ROM Size (Code + RO Data + RW Data)      23724 (  23.17kB)

==============================================================================

